<html>
<body>
<pre>
<h1>礦ision Build Log</h1>
<h2>Tool Versions:</h2>
IDE-Version: μVision V5.15
Copyright (C) 2015 ARM Ltd and ARM Germany GmbH. All rights reserved.
License Information: dggd sg, sdgdfg, LIC=47GII-TPLBE-V1BP8-3SIX3-VTY5U-YR34B
 
Tool Versions:
Toolchain:       MDK-ARM Standard  Version: 5.15.0
Toolchain Path:  C:\Keil_v5\ARM\ARMCC\Bin
C Compiler:      Armcc.exe V5.05 update 2 (build 169)
Assembler:       Armasm.exe V5.05 update 2 (build 169)
Linker/Locator:  ArmLink.exe V5.05 update 2 (build 169)
Library Manager: ArmAr.exe V5.05 update 2 (build 169)
Hex Converter:   FromElf.exe V5.05 update 2 (build 169)
CPU DLL:         SARMCM3.DLL V5.15.0
Dialog DLL:      DARMSTM.DLL V1.65.0.0
Target DLL:      CMSIS_AGDI.dll V1.21.12.0
Dialog DLL:      DARMSTM.DLL V1.65.0.0
 
<h2>Project:</h2>
G:\Dreamer手环\Dreamer_2\dreamer_1.uvprojx
Project File Date:  03/19/2018

<h2>Output:</h2>
*** Using Compiler 'V5.05 update 2 (build 169)', folder: 'C:\Keil_v5\ARM\ARMCC\Bin'
Rebuild target 'dreamer'
compiling main.c...
compiling spi.c...
compiling stm32f10x_it.c...
compiling systick.c...
compiling ds1302.c...
compiling key.c...
compiling ADC.c...
compiling filter.c...
compiling mpu6050.c...
USER\mpu6050.c(186): warning:  #177-D: function "MPU6050_ReadTemp" was declared but never referenced
  static void MPU6050_ReadTemp(short* Temperature)
USER\mpu6050.c: 1 warning, 0 errors
compiling battery.c...
compiling word.c...
compiling usart_1.c...
USER\usart_1.c(197): warning:  #177-D: function "Uart1_Put_Char" was declared but never referenced
  static void Uart1_Put_Char(unsigned char DataToSend)
USER\usart_1.c: 1 warning, 0 errors
compiling IMUupdate.c...
compiling IIC.c...
compiling TIME2.c...
compiling core_cm3.c...
compiling system_stm32f10x.c...
assembling startup_stm32f10x_hd.s...
compiling misc.c...
compiling stm32f10x_gpio.c...
compiling stm32f10x_rcc.c...
compiling stm32f10x_tim.c...
compiling stm32f10x_exti.c...
compiling stm32f10x_adc.c...
compiling stm32f10x_dma.c...
compiling stm32f10x_usart.c...
compiling stm32f10x_i2c.c...
linking...
Program Size: Code=18320 RO-data=4440 RW-data=160 ZI-data=1544  
FromELF: creating hex file...
".\Objects\dreamer_1.axf" - 0 Error(s), 2 Warning(s).

<h2>Collection of Component include folders:</h2>
  G:\Dreamer手环\Dreamer_2\RTE
  C:\Keil_v5\ARM\PACK\Keil\STM32F1xx_DFP\2.0.0\Device\Include

<h2>Collection of Component Files used:</h2>
</pre>
</body>
</html>
