Component: ARM Compiler 5.05 update 2 (build 169) Tool: armlink [4d0f33]

==============================================================================

Section Cross References

    main.o(i.main) refers to spi.o(i.OLED_Init) for OLED_Init
    main.o(i.main) refers to iic.o(i.i2c_GPIO_Config) for i2c_GPIO_Config
    main.o(i.main) refers to ds1302.o(i.DS1302_Init) for DS1302_Init
    main.o(i.main) refers to key.o(i.key_init) for key_init
    main.o(i.main) refers to adc.o(i.ADC_All_Init) for ADC_All_Init
    main.o(i.main) refers to usart_1.o(i.Usart1_GPIO_Init) for Usart1_GPIO_Init
    main.o(i.main) refers to usart_1.o(i.Usart1_Configuration) for Usart1_Configuration
    main.o(i.main) refers to spi.o(i.OLED_Clear) for OLED_Clear
    main.o(i.main) refers to memseta.o(.text) for __aeabi_memclr4
    main.o(i.main) refers to mpu6050.o(i.MPU6050_Init) for MPU6050_Init
    main.o(i.main) refers to mpu6050.o(i.MPU6050ReadID) for MPU6050ReadID
    main.o(i.main) refers to imuupdate.o(i.IMU_init) for IMU_init
    main.o(i.main) refers to time2.o(i.time_2_init) for time_2_init
    main.o(i.main) refers to systick.o(i.Timing_1ms) for Timing_1ms
    main.o(i.main) refers to spi.o(i.OLED_Display_On) for OLED_Display_On
    main.o(i.main) refers to ds1302.o(i.Display_Real_Time) for Display_Real_Time
    main.o(i.main) refers to battery.o(i.OLED_Show_RealTime_Battery) for OLED_Show_RealTime_Battery
    main.o(i.main) refers to spi.o(i.OLED_Show_Big_Time) for OLED_Show_Big_Time
    main.o(i.main) refers to spi.o(i.OLED_Display_Off) for OLED_Display_Off
    main.o(i.main) refers to ds1302.o(i.adjust_real_time) for adjust_real_time
    main.o(i.main) refers to stm32f10x_it.o(.data) for light_screen
    main.o(i.main) refers to main.o(.data) for light_screen_2
    main.o(i.main) refers to mpu6050.o(.bss) for mpu_data
    main.o(i.main) refers to systick.o(.data) for timing_flag
    main.o(i.main) refers to usart_1.o(.data) for adjust_real_time_flag
    main.o(i.main_loop) refers to stm32f10x_tim.o(i.TIM_GetITStatus) for TIM_GetITStatus
    main.o(i.main_loop) refers to stm32f10x_tim.o(i.TIM_ClearITPendingBit) for TIM_ClearITPendingBit
    main.o(i.main_loop) refers to mpu6050.o(i.mpu6050_data_process) for mpu6050_data_process
    main.o(i.main_loop) refers to cfrcmple.o(.text) for __aeabi_cfrcmple
    main.o(i.main_loop) refers to strstr.o(.text) for strstr
    main.o(i.main_loop) refers to main.o(.data) for time_1ms
    main.o(i.main_loop) refers to mpu6050.o(.bss) for euler_angle
    main.o(i.main_loop) refers to stm32f10x_it.o(.data) for light_screen
    main.o(i.main_loop) refers to main.o(.bss) for CmdRx_Buffer
    spi.o(i.OLED_Clear) refers to spi.o(i.SPI_Write) for SPI_Write
    spi.o(i.OLED_Coord) refers to spi.o(i.SPI_Write) for SPI_Write
    spi.o(i.OLED_Display_Off) refers to spi.o(i.SPI_Write) for SPI_Write
    spi.o(i.OLED_Display_On) refers to spi.o(i.SPI_Write) for SPI_Write
    spi.o(i.OLED_GPIO_INIT) refers to stm32f10x_rcc.o(i.RCC_APB2PeriphClockCmd) for RCC_APB2PeriphClockCmd
    spi.o(i.OLED_GPIO_INIT) refers to stm32f10x_gpio.o(i.GPIO_Init) for GPIO_Init
    spi.o(i.OLED_GPIO_INIT) refers to stm32f10x_gpio.o(i.GPIO_SetBits) for GPIO_SetBits
    spi.o(i.OLED_Init) refers to spi.o(i.OLED_GPIO_INIT) for OLED_GPIO_INIT
    spi.o(i.OLED_Init) refers to stm32f10x_gpio.o(i.GPIO_SetBits) for GPIO_SetBits
    spi.o(i.OLED_Init) refers to systick.o(i.delay_ms) for delay_ms
    spi.o(i.OLED_Init) refers to stm32f10x_gpio.o(i.GPIO_ResetBits) for GPIO_ResetBits
    spi.o(i.OLED_Init) refers to spi.o(i.SPI_Write) for SPI_Write
    spi.o(i.OLED_Init) refers to spi.o(i.OLED_Clear) for OLED_Clear
    spi.o(i.OLED_Init) refers to spi.o(i.OLED_Coord) for OLED_Coord
    spi.o(i.OLED_ShowChar) refers to spi.o(i.OLED_Coord) for OLED_Coord
    spi.o(i.OLED_ShowChar) refers to spi.o(i.SPI_Write) for SPI_Write
    spi.o(i.OLED_ShowChar) refers to word.o(.constdata) for F8X16
    spi.o(i.OLED_ShowChinese) refers to spi.o(i.OLED_Coord) for OLED_Coord
    spi.o(i.OLED_ShowChinese) refers to spi.o(i.SPI_Write) for SPI_Write
    spi.o(i.OLED_ShowChinese) refers to word.o(.constdata) for Hzk
    spi.o(i.OLED_ShowNum) refers to spi.o(i.oled_pow) for oled_pow
    spi.o(i.OLED_ShowNum) refers to spi.o(i.OLED_ShowChar) for OLED_ShowChar
    spi.o(i.OLED_Show_16X32_Num) refers to spi.o(i.OLED_Coord) for OLED_Coord
    spi.o(i.OLED_Show_16X32_Num) refers to spi.o(i.SPI_Write) for SPI_Write
    spi.o(i.OLED_Show_16X32_Num) refers to word.o(.constdata) for F16X32
    spi.o(i.OLED_Show_Big_Time) refers to spi.o(i.oled_pow) for oled_pow
    spi.o(i.OLED_Show_Big_Time) refers to spi.o(i.OLED_Show_16X32_Num) for OLED_Show_16X32_Num
    spi.o(i.OLED_Show_String) refers to spi.o(i.OLED_ShowChar) for OLED_ShowChar
    spi.o(i.SPI_Write) refers to stm32f10x_gpio.o(i.GPIO_SetBits) for GPIO_SetBits
    spi.o(i.SPI_Write) refers to stm32f10x_gpio.o(i.GPIO_ResetBits) for GPIO_ResetBits
[...]
    ../clib/microlib/errno.c                 0x00000000   Number         0  errno.o ABSOLUTE
    ../clib/microlib/init/entry.s            0x00000000   Number         0  entry8a.o ABSOLUTE
    ../clib/microlib/init/entry.s            0x00000000   Number         0  entry11b.o ABSOLUTE
    ../clib/microlib/init/entry.s            0x00000000   Number         0  entry9a.o ABSOLUTE
    ../clib/microlib/init/entry.s            0x00000000   Number         0  entry9b.o ABSOLUTE
    ../clib/microlib/init/entry.s            0x00000000   Number         0  entry7b.o ABSOLUTE
    ../clib/microlib/init/entry.s            0x00000000   Number         0  entry7a.o ABSOLUTE
    ../clib/microlib/init/entry.s            0x00000000   Number         0  entry5.o ABSOLUTE
    ../clib/microlib/init/entry.s            0x00000000   Number         0  entry2.o ABSOLUTE
    ../clib/microlib/init/entry.s            0x00000000   Number         0  entry.o ABSOLUTE
    ../clib/microlib/init/entry.s            0x00000000   Number         0  entry8b.o ABSOLUTE
    ../clib/microlib/init/entry.s            0x00000000   Number         0  entry11a.o ABSOLUTE
    ../clib/microlib/init/entry.s            0x00000000   Number         0  entry10b.o ABSOLUTE
    ../clib/microlib/init/entry.s            0x00000000   Number         0  entry10a.o ABSOLUTE
    ../clib/microlib/longlong.c              0x00000000   Number         0  llshl.o ABSOLUTE
    ../clib/microlib/longlong.c              0x00000000   Number         0  llsshr.o ABSOLUTE
    ../clib/microlib/longlong.c              0x00000000   Number         0  llushr.o ABSOLUTE
    ../clib/microlib/printf/printf.c         0x00000000   Number         0  printf1.o ABSOLUTE
    ../clib/microlib/printf/printf.c         0x00000000   Number         0  printf8.o ABSOLUTE
    ../clib/microlib/printf/printf.c         0x00000000   Number         0  printfa.o ABSOLUTE
    ../clib/microlib/printf/printf.c         0x00000000   Number         0  printf5.o ABSOLUTE
    ../clib/microlib/printf/printf.c         0x00000000   Number         0  printf6.o ABSOLUTE
    ../clib/microlib/printf/printf.c         0x00000000   Number         0  printf0.o ABSOLUTE
    ../clib/microlib/printf/printf.c         0x00000000   Number         0  printfb.o ABSOLUTE
    ../clib/microlib/printf/printf.c         0x00000000   Number         0  printf2.o ABSOLUTE
    ../clib/microlib/printf/printf.c         0x00000000   Number         0  printf3.o ABSOLUTE
    ../clib/microlib/printf/printf.c         0x00000000   Number         0  printf4.o ABSOLUTE
    ../clib/microlib/printf/printf.c         0x00000000   Number         0  printf7.o ABSOLUTE
    ../clib/microlib/stdio/streams.c         0x00000000   Number         0  stdout.o ABSOLUTE
    ../clib/microlib/string/memcpy.c         0x00000000   Number         0  memcpya.o ABSOLUTE
    ../clib/microlib/string/memcpy.c         0x00000000   Number         0  memcpyb.o ABSOLUTE
    ../clib/microlib/string/memset.c         0x00000000   Number         0  memseta.o ABSOLUTE
    ../clib/microlib/string/strstr.c         0x00000000   Number         0  strstr.o ABSOLUTE
    ../clib/microlib/stubs.s                 0x00000000   Number         0  iusefp.o ABSOLUTE
    ../fplib/microlib/d2f.c                  0x00000000   Number         0  d2f.o ABSOLUTE
    ../fplib/microlib/f2d.c                  0x00000000   Number         0  f2d.o ABSOLUTE
    ../fplib/microlib/fpadd.c                0x00000000   Number         0  fadd.o ABSOLUTE
    ../fplib/microlib/fpadd.c                0x00000000   Number         0  dadd.o ABSOLUTE
    ../fplib/microlib/fpdiv.c                0x00000000   Number         0  ddiv.o ABSOLUTE
    ../fplib/microlib/fpdiv.c                0x00000000   Number         0  fdiv.o ABSOLUTE
    ../fplib/microlib/fpepilogue.c           0x00000000   Number         0  fepilogue.o ABSOLUTE
    ../fplib/microlib/fpepilogue.c           0x00000000   Number         0  depilogue.o ABSOLUTE
    ../fplib/microlib/fpfix.c                0x00000000   Number         0  dfixi.o ABSOLUTE
    ../fplib/microlib/fpfix.c                0x00000000   Number         0  dfixul.o ABSOLUTE
    ../fplib/microlib/fpfix.c                0x00000000   Number         0  ffixi.o ABSOLUTE
    ../fplib/microlib/fpflt.c                0x00000000   Number         0  fflti.o ABSOLUTE
    ../fplib/microlib/fpflt.c                0x00000000   Number         0  ffltui.o ABSOLUTE
    ../fplib/microlib/fpflt.c                0x00000000   Number         0  dflti.o ABSOLUTE
    ../fplib/microlib/fpflt.c                0x00000000   Number         0  dfltui.o ABSOLUTE
    ../fplib/microlib/fpmul.c                0x00000000   Number         0  dmul.o ABSOLUTE
    ../fplib/microlib/fpmul.c                0x00000000   Number         0  fmul.o ABSOLUTE
    ../fplib/microlib/fpscalb.c              0x00000000   Number         0  dscalb.o ABSOLUTE
    ../fplib/microlib/fpsqrt.c               0x00000000   Number         0  dsqrt.o ABSOLUTE
    ../mathlib/asin.c                        0x00000000   Number         0  asin_x.o ABSOLUTE
    ../mathlib/asin.c                        0x00000000   Number         0  asin.o ABSOLUTE
    ../mathlib/atan.c                        0x00000000   Number         0  atan_x.o ABSOLUTE
    ../mathlib/atan.c                        0x00000000   Number         0  atan.o ABSOLUTE
    ../mathlib/atan2.c                       0x00000000   Number         0  atan2_x.o ABSOLUTE
    ../mathlib/atan2.c                       0x00000000   Number         0  atan2.o ABSOLUTE
    ../mathlib/cos.c                         0x00000000   Number         0  cos.o ABSOLUTE
    ../mathlib/cos.c                         0x00000000   Number         0  cos_x.o ABSOLUTE
    ../mathlib/cos_i.c                       0x00000000   Number         0  cos_i.o ABSOLUTE
    ../mathlib/dunder.c                      0x00000000   Number         0  dunder.o ABSOLUTE
    ../mathlib/fpclassify.c                  0x00000000   Number         0  fpclassify.o ABSOLUTE
    ../mathlib/poly.c                        0x00000000   Number         0  poly.o ABSOLUTE
    ../mathlib/qnan.c                        0x00000000   Number         0  qnan.o ABSOLUTE
    ../mathlib/rred.c                        0x00000000   Number         0  rred.o ABSOLUTE
    ../mathlib/sin.c                         0x00000000   Number         0  sin_x.o ABSOLUTE
    ../mathlib/sin.c                         0x00000000   Number         0  sin.o ABSOLUTE
    ../mathlib/sin_i.c                       0x00000000   Number         0  sin_i.o ABSOLUTE
    ../mathlib/sin_i.c                       0x00000000   Number         0  sin_i_x.o ABSOLUTE
    ../mathlib/sqrt.c                        0x00000000   Number         0  sqrt_x.o ABSOLUTE
    ../mathlib/sqrt.c                        0x00000000   Number         0  sqrt.o ABSOLUTE
    CMSIS\\core_cm3.c                        0x00000000   Number         0  core_cm3.o ABSOLUTE
    CMSIS\core_cm3.c                         0x00000000   Number         0  core_cm3.o ABSOLUTE
    CMSIS\startup\startup_stm32f10x_hd.s     0x00000000   Number         0  startup_stm32f10x_hd.o ABSOLUTE
    CMSIS\system_stm32f10x.c                 0x00000000   Number         0  system_stm32f10x.o ABSOLUTE
    FWlib\src\misc.c                         0x00000000   Number         0  misc.o ABSOLUTE
    FWlib\src\stm32f10x_adc.c                0x00000000   Number         0  stm32f10x_adc.o ABSOLUTE
    FWlib\src\stm32f10x_dma.c                0x00000000   Number         0  stm32f10x_dma.o ABSOLUTE
    FWlib\src\stm32f10x_exti.c               0x00000000   Number         0  stm32f10x_exti.o ABSOLUTE
    FWlib\src\stm32f10x_gpio.c               0x00000000   Number         0  stm32f10x_gpio.o ABSOLUTE
    FWlib\src\stm32f10x_i2c.c                0x00000000   Number         0  stm32f10x_i2c.o ABSOLUTE
    FWlib\src\stm32f10x_rcc.c                0x00000000   Number         0  stm32f10x_rcc.o ABSOLUTE
    FWlib\src\stm32f10x_tim.c                0x00000000   Number         0  stm32f10x_tim.o ABSOLUTE
    FWlib\src\stm32f10x_usart.c              0x00000000   Number         0  stm32f10x_usart.o ABSOLUTE
    USER\ADC.c                               0x00000000   Number         0  adc.o ABSOLUTE
    USER\IIC.c                               0x00000000   Number         0  iic.o ABSOLUTE
    USER\IMUupdate.c                         0x00000000   Number         0  imuupdate.o ABSOLUTE
    USER\TIME2.c                             0x00000000   Number         0  time2.o ABSOLUTE
    USER\battery.c                           0x00000000   Number         0  battery.o ABSOLUTE
    USER\ds1302.c                            0x00000000   Number         0  ds1302.o ABSOLUTE
    USER\filter.c                            0x00000000   Number         0  filter.o ABSOLUTE
    USER\key.c                               0x00000000   Number         0  key.o ABSOLUTE
    USER\main.c                              0x00000000   Number         0  main.o ABSOLUTE
    USER\mpu6050.c                           0x00000000   Number         0  mpu6050.o ABSOLUTE
    USER\spi.c                               0x00000000   Number         0  spi.o ABSOLUTE
    USER\stm32f10x_it.c                      0x00000000   Number         0  stm32f10x_it.o ABSOLUTE
    USER\systick.c                           0x00000000   Number         0  systick.o ABSOLUTE
    USER\usart_1.c                           0x00000000   Number         0  usart_1.o ABSOLUTE
    USER\word.c                              0x00000000   Number         0  word.o ABSOLUTE
    cdcmple.s                                0x00000000   Number         0  cdcmple.o ABSOLUTE
    cdrcmple.s                               0x00000000   Number         0  cdrcmple.o ABSOLUTE
    cfrcmple.s                               0x00000000   Number         0  cfrcmple.o ABSOLUTE
    dc.s                                     0x00000000   Number         0  dc.o ABSOLUTE
    handlers.s                               0x00000000   Number         0  handlers.o ABSOLUTE
    init.s                                   0x00000000   Number         0  init.o ABSOLUTE
    RESET                                    0x08000000   Section      304  startup_stm32f10x_hd.o(RESET)
    .ARM.Collect$$$$00000000                 0x08000130   Section        0  entry.o(.ARM.Collect$$$$00000000)
    .ARM.Collect$$$$00000001                 0x08000130   Section        4  entry2.o(.ARM.Collect$$$$00000001)
    .ARM.Collect$$$$00000004                 0x08000134   Section        4  entry5.o(.ARM.Collect$$$$00000004)
    .ARM.Collect$$$$00000008                 0x08000138   Section        0  entry7b.o(.ARM.Collect$$$$00000008)
    .ARM.Collect$$$$0000000A                 0x08000138   Section        0  entry8b.o(.ARM.Collect$$$$0000000A)
    .ARM.Collect$$$$0000000B                 0x08000138   Section        8  entry9a.o(.ARM.Collect$$$$0000000B)
    .ARM.Collect$$$$0000000D                 0x08000140   Section        0  entry10a.o(.ARM.Collect$$$$0000000D)
    .ARM.Collect$$$$0000000F                 0x08000140   Section        0  entry11a.o(.ARM.Collect$$$$0000000F)
    .ARM.Collect$$$$00002712                 0x08000140   Section        4  entry2.o(.ARM.Collect$$$$00002712)
    __lit__00000000                          0x08000140   Data           4  entry2.o(.ARM.Collect$$$$00002712)
    .text                                    0x08000144   Section       36  startup_stm32f10x_hd.o(.text)
    .text                                    0x08000168   Section        0  memcpya.o(.text)
    .text                                    0x0800018c   Section        0  memseta.o(.text)
    .text                                    0x080001b0   Section        0  strstr.o(.text)
    .text                                    0x080001d4   Section        0  fadd.o(.text)
    .text                                    0x08000284   Section        0  fmul.o(.text)
    .text                                    0x080002e8   Section        0  fdiv.o(.text)
    .text                                    0x08000364   Section        0  dadd.o(.text)
    .text                                    0x080004b2   Section        0  dmul.o(.text)
    .text                                    0x08000596   Section        0  ddiv.o(.text)
    .text                                    0x08000674   Section        0  fflti.o(.text)
    .text                                    0x08000686   Section        0  ffltui.o(.text)
    .text                                    0x08000690   Section        0  dflti.o(.text)
    .text                                    0x080006b2   Section        0  dfixi.o(.text)
    .text                                    0x080006f0   Section        0  f2d.o(.text)
    .text                                    0x08000716   Section        0  d2f.o(.text)
    .text                                    0x08000750   Section       20  cfrcmple.o(.text)
    .text                                    0x08000764   Section        0  llshl.o(.text)
    .text                                    0x08000782   Section        0  llushr.o(.text)
    .text                                    0x080007a2   Section        0  llsshr.o(.text)
    .text                                    0x080007c6   Section        0  iusefp.o(.text)
    .text                                    0x080007c6   Section        0  fepilogue.o(.text)
    .text                                    0x08000834   Section        0  depilogue.o(.text)
    .text                                    0x080008ee   Section        0  dscalb.o(.text)
    .text                                    0x0800091c   Section        0  dsqrt.o(.text)
    .text                                    0x080009c0   Section       36  init.o(.text)
    .text                                    0x080009e4   Section        0  dfltui.o(.text)
    i.ADC_All_Init                           0x080009fe   Section        0  adc.o(i.ADC_All_Init)
    i.ADC_Cmd                                0x08000a0e   Section        0  stm32f10x_adc.o(i.ADC_Cmd)
    i.ADC_DMACmd                             0x08000a24   Section        0  stm32f10x_adc.o(i.ADC_DMACmd)
    i.ADC_DeInit                             0x08000a3c   Section        0  stm32f10x_adc.o(i.ADC_DeInit)
    i.ADC_GPIO_Init                          0x08000a98   Section        0  adc.o(i.ADC_GPIO_Init)
    ADC_GPIO_Init                            0x08000a99   Thumb Code    32  adc.o(i.ADC_GPIO_Init)
    i.ADC_GetCalibrationStatus               0x08000abc   Section        0  stm32f10x_adc.o(i.ADC_GetCalibrationStatus)
    i.ADC_GetResetCalibrationStatus          0x08000ad0   Section        0  stm32f10x_adc.o(i.ADC_GetResetCalibrationStatus)
    i.ADC_Init                               0x08000ae4   Section        0  stm32f10x_adc.o(i.ADC_Init)
    i.ADC_Mode_Config                        0x08000b34   Section        0  adc.o(i.ADC_Mode_Config)
    ADC_Mode_Config                          0x08000b35   Thumb Code   140  adc.o(i.ADC_Mode_Config)
    i.ADC_RegularChannelConfig               0x08000bc4   Section        0  stm32f10x_adc.o(i.ADC_RegularChannelConfig)
    i.ADC_ResetCalibration                   0x08000c7c   Section        0  stm32f10x_adc.o(i.ADC_ResetCalibration)
    i.ADC_SoftwareStartConvCmd               0x08000c86   Section        0  stm32f10x_adc.o(i.ADC_SoftwareStartConvCmd)
    i.ADC_StartCalibration                   0x08000c9c   Section        0  stm32f10x_adc.o(i.ADC_StartCalibration)
    i.ADC_cal_aveg                           0x08000ca8   Section        0  adc.o(i.ADC_cal_aveg)
    i.ADC_filter                             0x08000ce0   Section        0  adc.o(i.ADC_filter)
    ADC_filter                               0x08000ce1   Thumb Code    36  adc.o(i.ADC_filter)
    i.BusFault_Handler                       0x08000d0c   Section        0  stm32f10x_it.o(i.BusFault_Handler)
    i.DMA1_Channel1_IRQHandler               0x08000d10   Section        0  adc.o(i.DMA1_Channel1_IRQHandler)
    i.DMA_ClearITPendingBit                  0x08000d28   Section        0  stm32f10x_dma.o(i.DMA_ClearITPendingBit)
    i.DMA_Cmd                                0x08000d44   Section        0  stm32f10x_dma.o(i.DMA_Cmd)
    i.DMA_Configuration                      0x08000d5c   Section        0  adc.o(i.DMA_Configuration)
    DMA_Configuration                        0x08000d5d   Thumb Code   128  adc.o(i.DMA_Configuration)
    i.DMA_DeInit                             0x08000de8   Section        0  stm32f10x_dma.o(i.DMA_DeInit)
    i.DMA_GetITStatus                        0x08000f34   Section        0  stm32f10x_dma.o(i.DMA_GetITStatus)
    i.DMA_ITConfig                           0x08000f60   Section        0  stm32f10x_dma.o(i.DMA_ITConfig)
    i.DMA_Init                               0x08000f72   Section        0  stm32f10x_dma.o(i.DMA_Init)
    i.DS1302_GPIO_Init                       0x08000fb0   Section        0  ds1302.o(i.DS1302_GPIO_Init)
    DS1302_GPIO_Init                         0x08000fb1   Thumb Code    64  ds1302.o(i.DS1302_GPIO_Init)
    i.DS1302_Init                            0x08000ff4   Section        0  ds1302.o(i.DS1302_Init)
    i.DS1302_ReadByte                        0x08001020   Section        0  ds1302.o(i.DS1302_ReadByte)
    DS1302_ReadByte                          0x08001021   Thumb Code    82  ds1302.o(i.DS1302_ReadByte)
    i.DS1302_ReadData                        0x0800107c   Section        0  ds1302.o(i.DS1302_ReadData)
    DS1302_ReadData                          0x0800107d   Thumb Code   120  ds1302.o(i.DS1302_ReadData)
    i.DS1302_ReadTime                        0x080010fc   Section        0  ds1302.o(i.DS1302_ReadTime)
    i.DS1302_WriteByte                       0x0800111c   Section        0  ds1302.o(i.DS1302_WriteByte)
    DS1302_WriteByte                         0x0800111d   Thumb Code    92  ds1302.o(i.DS1302_WriteByte)
    i.DS1302_WriteData                       0x08001180   Section        0  ds1302.o(i.DS1302_WriteData)
    DS1302_WriteData                         0x08001181   Thumb Code    92  ds1302.o(i.DS1302_WriteData)
    i.DS1302_delay_us                        0x080011e4   Section        0  ds1302.o(i.DS1302_delay_us)
    DS1302_delay_us                          0x080011e5   Thumb Code    30  ds1302.o(i.DS1302_delay_us)
    i.DebugMon_Handler                       0x08001202   Section        0  stm32f10x_it.o(i.DebugMon_Handler)
    i.Display_Real_Time                      0x08001204   Section        0  ds1302.o(i.Display_Real_Time)
    i.EXTI15_10_IRQHandler                   0x08001310   Section        0  stm32f10x_it.o(i.EXTI15_10_IRQHandler)
    i.EXTI_ClearITPendingBit                 0x08001350   Section        0  stm32f10x_exti.o(i.EXTI_ClearITPendingBit)
    i.EXTI_GetITStatus                       0x0800135c   Section        0  stm32f10x_exti.o(i.EXTI_GetITStatus)
    i.EXTI_Init                              0x08001384   Section        0  stm32f10x_exti.o(i.EXTI_Init)
    i.GPIO_EXTILineConfig                    0x08001418   Section        0  stm32f10x_gpio.o(i.GPIO_EXTILineConfig)
    i.GPIO_Init                              0x08001458   Section        0  stm32f10x_gpio.o(i.GPIO_Init)
    i.GPIO_ReadInputDataBit                  0x0800156e   Section        0  stm32f10x_gpio.o(i.GPIO_ReadInputDataBit)
    i.GPIO_ResetBits                         0x08001580   Section        0  stm32f10x_gpio.o(i.GPIO_ResetBits)
    i.GPIO_SetBits                           0x08001584   Section        0  stm32f10x_gpio.o(i.GPIO_SetBits)
    i.HardFault_Handler                      0x08001588   Section        0  stm32f10x_it.o(i.HardFault_Handler)
    i.IMU_init                               0x0800158c   Section        0  imuupdate.o(i.IMU_init)
    i.IMUupdate                              0x08001a88   Section        0  imuupdate.o(i.IMUupdate)
    i.MPU6050ReadAcc                         0x08001e88   Section        0  mpu6050.o(i.MPU6050ReadAcc)
    i.MPU6050ReadGyro                        0x08001ee4   Section        0  mpu6050.o(i.MPU6050ReadGyro)
    i.MPU6050ReadID                          0x08001f44   Section        0  mpu6050.o(i.MPU6050ReadID)
    i.MPU6050_Init                           0x08001f64   Section        0  mpu6050.o(i.MPU6050_Init)
    i.MPU6050_ReadData                       0x08001fac   Section        0  mpu6050.o(i.MPU6050_ReadData)
    MPU6050_ReadData                         0x08001fad   Thumb Code    86  mpu6050.o(i.MPU6050_ReadData)
    i.MPU6050_WriteReg                       0x08002002   Section        0  mpu6050.o(i.MPU6050_WriteReg)
    MPU6050_WriteReg                         0x08002003   Thumb Code    46  mpu6050.o(i.MPU6050_WriteReg)
    i.MemManage_Handler                      0x08002030   Section        0  stm32f10x_it.o(i.MemManage_Handler)
    i.NMI_Handler                            0x08002034   Section        0  stm32f10x_it.o(i.NMI_Handler)
    i.NVIC_Init                              0x08002038   Section        0  misc.o(i.NVIC_Init)
    i.NVIC_PriorityGroupConfig               0x080020a8   Section        0  misc.o(i.NVIC_PriorityGroupConfig)
    i.OLED_Clear                             0x080020bc   Section        0  spi.o(i.OLED_Clear)
    i.OLED_Coord                             0x08002100   Section        0  spi.o(i.OLED_Coord)
    i.OLED_Display_Off                       0x0800212e   Section        0  spi.o(i.OLED_Display_Off)
    i.OLED_Display_On                        0x0800214a   Section        0  spi.o(i.OLED_Display_On)
    i.OLED_GPIO_INIT                         0x08002168   Section        0  spi.o(i.OLED_GPIO_INIT)
    OLED_GPIO_INIT                           0x08002169   Thumb Code    50  spi.o(i.OLED_GPIO_INIT)
    i.OLED_Init                              0x080021a0   Section        0  spi.o(i.OLED_Init)
    i.OLED_ShowChar                          0x080022c4   Section        0  spi.o(i.OLED_ShowChar)
    i.OLED_ShowNum                           0x08002334   Section        0  spi.o(i.OLED_ShowNum)
    i.OLED_Show_16X32_Num                    0x0800238c   Section        0  spi.o(i.OLED_Show_16X32_Num)
    i.OLED_Show_Battery                      0x08002454   Section        0  battery.o(i.OLED_Show_Battery)
    i.OLED_Show_Big_Time                     0x0800248c   Section        0  spi.o(i.OLED_Show_Big_Time)
    i.OLED_Show_RealTime_Battery             0x080024d4   Section        0  battery.o(i.OLED_Show_RealTime_Battery)
    i.PendSV_Handler                         0x08002518   Section        0  stm32f10x_it.o(i.PendSV_Handler)
    i.RCC_ADCCLKConfig                       0x0800251c   Section        0  stm32f10x_rcc.o(i.RCC_ADCCLKConfig)
    i.RCC_AHBPeriphClockCmd                  0x08002534   Section        0  stm32f10x_rcc.o(i.RCC_AHBPeriphClockCmd)
    i.RCC_APB1PeriphClockCmd                 0x08002554   Section        0  stm32f10x_rcc.o(i.RCC_APB1PeriphClockCmd)
    i.RCC_APB1PeriphResetCmd                 0x08002574   Section        0  stm32f10x_rcc.o(i.RCC_APB1PeriphResetCmd)
    i.RCC_APB2PeriphClockCmd                 0x08002594   Section        0  stm32f10x_rcc.o(i.RCC_APB2PeriphClockCmd)
    i.RCC_APB2PeriphResetCmd                 0x080025b4   Section        0  stm32f10x_rcc.o(i.RCC_APB2PeriphResetCmd)
    i.RCC_GetClocksFreq                      0x080025d4   Section        0  stm32f10x_rcc.o(i.RCC_GetClocksFreq)
    i.SPI_Write                              0x080026a8   Section        0  spi.o(i.SPI_Write)
    i.SVC_Handler                            0x08002724   Section        0  stm32f10x_it.o(i.SVC_Handler)
    i.SetSysClock                            0x08002726   Section        0  system_stm32f10x.o(i.SetSysClock)
    SetSysClock                              0x08002727   Thumb Code     8  system_stm32f10x.o(i.SetSysClock)
    i.SetSysClockTo72                        0x08002730   Section        0  system_stm32f10x.o(i.SetSysClockTo72)
    SetSysClockTo72                          0x08002731   Thumb Code   214  system_stm32f10x.o(i.SetSysClockTo72)
    i.SysTick_Handler                        0x08002810   Section        0  stm32f10x_it.o(i.SysTick_Handler)
    i.SysTick_Init                           0x08002818   Section        0  systick.o(i.SysTick_Init)
    SysTick_Init                             0x08002819   Thumb Code   112  systick.o(i.SysTick_Init)
    i.SystemInit                             0x08002898   Section        0  system_stm32f10x.o(i.SystemInit)
    i.TIM2_Configuration                     0x080028f8   Section        0  time2.o(i.TIM2_Configuration)
    TIM2_Configuration                       0x080028f9   Thumb Code    90  time2.o(i.TIM2_Configuration)
    i.TIM2_IRQHandler                        0x08002952   Section        0  time2.o(i.TIM2_IRQHandler)
    i.TIM2_NVIC_Configuration                0x0800295a   Section        0  time2.o(i.TIM2_NVIC_Configuration)
    TIM2_NVIC_Configuration                  0x0800295b   Thumb Code    40  time2.o(i.TIM2_NVIC_Configuration)
    i.TIM_ClearFlag                          0x08002982   Section        0  stm32f10x_tim.o(i.TIM_ClearFlag)
    i.TIM_ClearITPendingBit                  0x08002988   Section        0  stm32f10x_tim.o(i.TIM_ClearITPendingBit)
    i.TIM_Cmd                                0x0800298e   Section        0  stm32f10x_tim.o(i.TIM_Cmd)
    i.TIM_DeInit                             0x080029a8   Section        0  stm32f10x_tim.o(i.TIM_DeInit)
    i.TIM_GetITStatus                        0x08002b90   Section        0  stm32f10x_tim.o(i.TIM_GetITStatus)
    i.TIM_ITConfig                           0x08002bb2   Section        0  stm32f10x_tim.o(i.TIM_ITConfig)
    i.TIM_TimeBaseInit                       0x08002bc4   Section        0  stm32f10x_tim.o(i.TIM_TimeBaseInit)
    i.TimingDelay_Decrement                  0x08002c68   Section        0  systick.o(i.TimingDelay_Decrement)
    i.Timing_1ms                             0x08002ca4   Section        0  systick.o(i.Timing_1ms)
    i.USART1_IRQHandler                      0x08002ccc   Section        0  usart_1.o(i.USART1_IRQHandler)
    i.USART_ClearFlag                        0x08002e40   Section        0  stm32f10x_usart.o(i.USART_ClearFlag)
    i.USART_ClearITPendingBit                0x08002e52   Section        0  stm32f10x_usart.o(i.USART_ClearITPendingBit)
    i.USART_Cmd                              0x08002e70   Section        0  stm32f10x_usart.o(i.USART_Cmd)
    i.USART_DeInit                           0x08002e88   Section        0  stm32f10x_usart.o(i.USART_DeInit)
    i.USART_GetFlagStatus                    0x08002f24   Section        0  stm32f10x_usart.o(i.USART_GetFlagStatus)
    i.USART_GetITStatus                      0x08002f3e   Section        0  stm32f10x_usart.o(i.USART_GetITStatus)
    i.USART_ITConfig                         0x08002f92   Section        0  stm32f10x_usart.o(i.USART_ITConfig)
    i.USART_Init                             0x08002fdc   Section        0  stm32f10x_usart.o(i.USART_Init)
    i.USART_ReceiveData                      0x080030b4   Section        0  stm32f10x_usart.o(i.USART_ReceiveData)
    i.USART_SendData                         0x080030be   Section        0  stm32f10x_usart.o(i.USART_SendData)
    i.UsageFault_Handler                     0x080030c6   Section        0  stm32f10x_it.o(i.UsageFault_Handler)
    i.Usart1_Configuration                   0x080030cc   Section        0  usart_1.o(i.Usart1_Configuration)
    i.Usart1_GPIO_Init                       0x08003144   Section        0  usart_1.o(i.Usart1_GPIO_Init)
    i.__0printf$bare                         0x08003188   Section        0  printfb.o(i.__0printf$bare)
    i.__ARM_fpclassify                       0x08003198   Section        0  fpclassify.o(i.__ARM_fpclassify)
    i.__ieee754_rem_pio2                     0x080031c0   Section        0  rred.o(i.__ieee754_rem_pio2)
    i.__kernel_cos                           0x08003548   Section        0  cos_i.o(i.__kernel_cos)
    i.__kernel_poly                          0x08003644   Section        0  poly.o(i.__kernel_poly)
    i.__kernel_sin                           0x080036f0   Section        0  sin_i.o(i.__kernel_sin)
    i.__mathlib_dbl_infnan                   0x080037dc   Section        0  dunder.o(i.__mathlib_dbl_infnan)
    i.__mathlib_dbl_infnan2                  0x080037e2   Section        0  dunder.o(i.__mathlib_dbl_infnan2)
    i.__mathlib_dbl_invalid                  0x080037e6   Section        0  dunder.o(i.__mathlib_dbl_invalid)
    i.__mathlib_dbl_underflow                0x080037f4   Section        0  dunder.o(i.__mathlib_dbl_underflow)
    i.__scatterload_copy                     0x08003804   Section       14  handlers.o(i.__scatterload_copy)
    i.__scatterload_null                     0x08003812   Section        2  handlers.o(i.__scatterload_null)
    i.__scatterload_zeroinit                 0x08003814   Section       14  handlers.o(i.__scatterload_zeroinit)
    i.__set_errno                            0x08003824   Section        0  errno.o(i.__set_errno)
    i._printf_core                           0x08003830   Section        0  printfb.o(i._printf_core)
    _printf_core                             0x08003831   Thumb Code    34  printfb.o(i._printf_core)
    i.adjust_real_time                       0x08003854   Section        0  ds1302.o(i.adjust_real_time)
    i.asin                                   0x08003884   Section        0  asin.o(i.asin)
    i.atan                                   0x08003af4   Section        0  atan.o(i.atan)
    i.atan2                                  0x08003d14   Section        0  atan2.o(i.atan2)
    i.cos                                    0x08003e94   Section        0  cos.o(i.cos)
    i.delay_ms                               0x08003f30   Section        0  systick.o(i.delay_ms)
    i.fputc                                  0x08003f70   Section        0  usart_1.o(i.fputc)
    i.get_euler_angle                        0x08003f94   Section        0  imuupdate.o(i.get_euler_angle)
    i.i2c_Ack                                0x08004174   Section        0  iic.o(i.i2c_Ack)
    i.i2c_Delay                              0x080041a4   Section        0  iic.o(i.i2c_Delay)
    i2c_Delay                                0x080041a5   Thumb Code    14  iic.o(i.i2c_Delay)
    i.i2c_GPIO_Config                        0x080041b4   Section        0  iic.o(i.i2c_GPIO_Config)
    i.i2c_NAck                               0x080041e4   Section        0  iic.o(i.i2c_NAck)
    i.i2c_ReadByte                           0x0800420c   Section        0  iic.o(i.i2c_ReadByte)
    i.i2c_SendByte                           0x0800425c   Section        0  iic.o(i.i2c_SendByte)
    i.i2c_Start                              0x080042b0   Section        0  iic.o(i.i2c_Start)
    i.i2c_Stop                               0x080042e0   Section        0  iic.o(i.i2c_Stop)
    i.i2c_WaitAck                            0x08004300   Section        0  iic.o(i.i2c_WaitAck)
    i.key_delay                              0x0800433c   Section        0  stm32f10x_it.o(i.key_delay)
    key_delay                                0x0800433d   Thumb Code    32  stm32f10x_it.o(i.key_delay)
    i.key_init                               0x0800435c   Section        0  key.o(i.key_init)
    i.main                                   0x080043cc   Section        0  main.o(i.main)
    i.main_loop                              0x080044b8   Section        0  main.o(i.main_loop)
    i.mpu6050_data_process                   0x080045b8   Section        0  mpu6050.o(i.mpu6050_data_process)
    i.oled_pow                               0x080047ac   Section        0  spi.o(i.oled_pow)
    oled_pow                                 0x080047ad   Thumb Code    22  spi.o(i.oled_pow)
    i.sin                                    0x080047c4   Section        0  sin.o(i.sin)
    i.sqrt                                   0x08004864   Section        0  sqrt.o(i.sqrt)
    i.time_2_init                            0x080048b0   Section        0  time2.o(i.time_2_init)
    .constdata                               0x080048c0   Section     3570  word.o(.constdata)
    .constdata                               0x080056b8   Section       80  asin.o(.constdata)
    pS                                       0x080056b8   Data          48  asin.o(.constdata)
    qS                                       0x080056e8   Data          32  asin.o(.constdata)
    .constdata                               0x08005708   Section      152  atan.o(.constdata)
    atanhi                                   0x08005708   Data          32  atan.o(.constdata)
    atanlo                                   0x08005728   Data          32  atan.o(.constdata)
    aTodd                                    0x08005748   Data          40  atan.o(.constdata)
    aTeven                                   0x08005770   Data          48  atan.o(.constdata)
    .constdata                               0x080057a0   Section       48  cos_i.o(.constdata)
    C                                        0x080057a0   Data          48  cos_i.o(.constdata)
    .constdata                               0x080057d0   Section        8  qnan.o(.constdata)
    .constdata                               0x080057d8   Section      200  rred.o(.constdata)
    pio2s                                    0x080057d8   Data          48  rred.o(.constdata)
    twooverpi                                0x08005808   Data         152  rred.o(.constdata)
    .constdata                               0x080058a0   Section       40  sin_i.o(.constdata)
    S                                        0x080058a0   Data          40  sin_i.o(.constdata)
    .data                                    0x20000000   Section        6  main.o(.data)
    time_1ms                                 0x20000001   Data           1  main.o(.data)
    time_10ms                                0x20000002   Data           1  main.o(.data)
    time_1s                                  0x20000004   Data           2  main.o(.data)
    .data                                    0x20000006   Section        1  stm32f10x_it.o(.data)
    .data                                    0x20000008   Section        8  systick.o(.data)
    TimingDelay                              0x2000000c   Data           4  systick.o(.data)
    .data                                    0x20000010   Section        7  ds1302.o(.data)
    .data                                    0x20000018   Section        2  adc.o(.data)
    .data                                    0x2000001a   Section       38  mpu6050.o(.data)
    acc_filter_cnt                           0x2000001a   Data           1  mpu6050.o(.data)
    gyro_filter_cnt                          0x2000001b   Data           1  mpu6050.o(.data)
    acc_x_buf                                0x2000001c   Data           6  mpu6050.o(.data)
    acc_y_buf                                0x20000022   Data           6  mpu6050.o(.data)
    acc_z_buf                                0x20000028   Data           6  mpu6050.o(.data)
    gyro_x_buf                               0x2000002e   Data           6  mpu6050.o(.data)
    gyro_y_buf                               0x20000034   Data           6  mpu6050.o(.data)
    gyro_z_buf                               0x2000003a   Data           6  mpu6050.o(.data)
    .data                                    0x20000040   Section       20  usart_1.o(.data)
    .data                                    0x20000054   Section       28  imuupdate.o(.data)
    .data                                    0x20000070   Section       20  system_stm32f10x.o(.data)
    .data                                    0x20000084   Section       20  stm32f10x_rcc.o(.data)
    APBAHBPrescTable                         0x20000084   Data          16  stm32f10x_rcc.o(.data)
    ADCPrescTable                            0x20000094   Data           4  stm32f10x_rcc.o(.data)
    .data                                    0x20000098   Section        4  stdout.o(.data)
    .data                                    0x2000009c   Section        4  errno.o(.data)
    _errno                                   0x2000009c   Data           4  errno.o(.data)
    .bss                                     0x200000a0   Section       10  main.o(.bss)
    .bss                                     0x200000aa   Section       60  adc.o(.bss)
    .bss                                     0x200000e8   Section       92  mpu6050.o(.bss)
    .bss                                     0x20000144   Section      356  usart_1.o(.bss)
    STACK                                    0x200002a8   Section     1024  startup_stm32f10x_hd.o(STACK)

    Global Symbols

    Symbol Name                              Value     Ov Type        Size  Object(Section)

    BuildAttributes$$THM_ISAv4$P$D$K$B$S$PE$A:L22UL41UL21$X:L11$S22US41US21$IEEE1$IW$USESV6$~STKCKD$USESV7$~SHL$OTIME$ROPI$IEEEX$EBA8$MICROLIB$REQ8$PRES8$EABIv2 0x00000000   Number         0  anon$$obj.o ABSOLUTE
    __ARM_use_no_argv                        0x00000000   Number         0  main.o ABSOLUTE
    __cpp_initialize__aeabi_                  - Undefined Weak Reference
    __cxa_finalize                            - Undefined Weak Reference
    __decompress                              - Undefined Weak Reference
    _clock_init                               - Undefined Weak Reference
    _microlib_exit                            - Undefined Weak Reference
    __Vectors_Size                           0x00000130   Number         0  startup_stm32f10x_hd.o ABSOLUTE
    __Vectors                                0x08000000   Data           4  startup_stm32f10x_hd.o(RESET)
    __Vectors_End                            0x08000130   Data           0  startup_stm32f10x_hd.o(RESET)
    __main                                   0x08000131   Thumb Code     0  entry.o(.ARM.Collect$$$$00000000)
    _main_stk                                0x08000131   Thumb Code     0  entry2.o(.ARM.Collect$$$$00000001)
    _main_scatterload                        0x08000135   Thumb Code     0  entry5.o(.ARM.Collect$$$$00000004)
    __main_after_scatterload                 0x08000139   Thumb Code     0  entry5.o(.ARM.Collect$$$$00000004)
    _main_clock                              0x08000139   Thumb Code     0  entry7b.o(.ARM.Collect$$$$00000008)
    _main_cpp_init                           0x08000139   Thumb Code     0  entry8b.o(.ARM.Collect$$$$0000000A)
    _main_init                               0x08000139   Thumb Code     0  entry9a.o(.ARM.Collect$$$$0000000B)
    __rt_final_cpp                           0x08000141   Thumb Code     0  entry10a.o(.ARM.Collect$$$$0000000D)
    __rt_final_exit                          0x08000141   Thumb Code     0  entry11a.o(.ARM.Collect$$$$0000000F)
    Reset_Handler                            0x08000145   Thumb Code     8  startup_stm32f10x_hd.o(.text)
    ADC1_2_IRQHandler                        0x0800015f   Thumb Code     0  startup_stm32f10x_hd.o(.text)
    ADC3_IRQHandler                          0x0800015f   Thumb Code     0  startup_stm32f10x_hd.o(.text)
    CAN1_RX1_IRQHandler                      0x0800015f   Thumb Code     0  startup_stm32f10x_hd.o(.text)
    CAN1_SCE_IRQHandler                      0x0800015f   Thumb Code     0  startup_stm32f10x_hd.o(.text)
    DMA1_Channel2_IRQHandler                 0x0800015f   Thumb Code     0  startup_stm32f10x_hd.o(.text)
    DMA1_Channel3_IRQHandler                 0x0800015f   Thumb Code     0  startup_stm32f10x_hd.o(.text)
    DMA1_Channel4_IRQHandler                 0x0800015f   Thumb Code     0  startup_stm32f10x_hd.o(.text)
    DMA1_Channel5_IRQHandler                 0x0800015f   Thumb Code     0  startup_stm32f10x_hd.o(.text)
    DMA1_Channel6_IRQHandler                 0x0800015f   Thumb Code     0  startup_stm32f10x_hd.o(.text)
    DMA1_Channel7_IRQHandler                 0x0800015f   Thumb Code     0  startup_stm32f10x_hd.o(.text)
    DMA2_Channel1_IRQHandler                 0x0800015f   Thumb Code     0  startup_stm32f10x_hd.o(.text)
    DMA2_Channel2_IRQHandler                 0x0800015f   Thumb Code     0  startup_stm32f10x_hd.o(.text)
    DMA2_Channel3_IRQHandler                 0x0800015f   Thumb Code     0  startup_stm32f10x_hd.o(.text)
    DMA2_Channel4_5_IRQHandler               0x0800015f   Thumb Code     0  startup_stm32f10x_hd.o(.text)
    EXTI0_IRQHandler                         0x0800015f   Thumb Code     0  startup_stm32f10x_hd.o(.text)
    EXTI1_IRQHandler                         0x0800015f   Thumb Code     0  startup_stm32f10x_hd.o(.text)
    EXTI2_IRQHandler                         0x0800015f   Thumb Code     0  startup_stm32f10x_hd.o(.text)
    EXTI3_IRQHandler                         0x0800015f   Thumb Code     0  startup_stm32f10x_hd.o(.text)
    EXTI4_IRQHandler                         0x0800015f   Thumb Code     0  startup_stm32f10x_hd.o(.text)
    EXTI9_5_IRQHandler                       0x0800015f   Thumb Code     0  startup_stm32f10x_hd.o(.text)
    FLASH_IRQHandler                         0x0800015f   Thumb Code     0  startup_stm32f10x_hd.o(.text)
    FSMC_IRQHandler                          0x0800015f   Thumb Code     0  startup_stm32f10x_hd.o(.text)
    I2C1_ER_IRQHandler                       0x0800015f   Thumb Code     0  startup_stm32f10x_hd.o(.text)
    I2C1_EV_IRQHandler                       0x0800015f   Thumb Code     0  startup_stm32f10x_hd.o(.text)
    I2C2_ER_IRQHandler                       0x0800015f   Thumb Code     0  startup_stm32f10x_hd.o(.text)
    I2C2_EV_IRQHandler                       0x0800015f   Thumb Code     0  startup_stm32f10x_hd.o(.text)
    PVD_IRQHandler                           0x0800015f   Thumb Code     0  startup_stm32f10x_hd.o(.text)
    RCC_IRQHandler                           0x0800015f   Thumb Code     0  startup_stm32f10x_hd.o(.text)
    RTCAlarm_IRQHandler                      0x0800015f   Thumb Code     0  startup_stm32f10x_hd.o(.text)
    RTC_IRQHandler                           0x0800015f   Thumb Code     0  startup_stm32f10x_hd.o(.text)
    SDIO_IRQHandler                          0x0800015f   Thumb Code     0  startup_stm32f10x_hd.o(.text)
    SPI1_IRQHandler                          0x0800015f   Thumb Code     0  startup_stm32f10x_hd.o(.text)
    SPI2_IRQHandler                          0x0800015f   Thumb Code     0  startup_stm32f10x_hd.o(.text)
    SPI3_IRQHandler                          0x0800015f   Thumb Code     0  startup_stm32f10x_hd.o(.text)
    TAMPER_IRQHandler                        0x0800015f   Thumb Code     0  startup_stm32f10x_hd.o(.text)
    TIM1_BRK_IRQHandler                      0x0800015f   Thumb Code     0  startup_stm32f10x_hd.o(.text)
    TIM1_CC_IRQHandler                       0x0800015f   Thumb Code     0  startup_stm32f10x_hd.o(.text)
    TIM1_TRG_COM_IRQHandler                  0x0800015f   Thumb Code     0  startup_stm32f10x_hd.o(.text)
    TIM1_UP_IRQHandler                       0x0800015f   Thumb Code     0  startup_stm32f10x_hd.o(.text)
    TIM3_IRQHandler                          0x0800015f   Thumb Code     0  startup_stm32f10x_hd.o(.text)
    TIM4_IRQHandler                          0x0800015f   Thumb Code     0  startup_stm32f10x_hd.o(.text)
    TIM5_IRQHandler                          0x0800015f   Thumb Code     0  startup_stm32f10x_hd.o(.text)
    TIM6_IRQHandler                          0x0800015f   Thumb Code     0  startup_stm32f10x_hd.o(.text)
    TIM7_IRQHandler                          0x0800015f   Thumb Code     0  startup_stm32f10x_hd.o(.text)
    TIM8_BRK_IRQHandler                      0x0800015f   Thumb Code     0  startup_stm32f10x_hd.o(.text)
    TIM8_CC_IRQHandler                       0x0800015f   Thumb Code     0  startup_stm32f10x_hd.o(.text)
    TIM8_TRG_COM_IRQHandler                  0x0800015f   Thumb Code     0  startup_stm32f10x_hd.o(.text)
    TIM8_UP_IRQHandler                       0x0800015f   Thumb Code     0  startup_stm32f10x_hd.o(.text)
    UART4_IRQHandler                         0x0800015f   Thumb Code     0  startup_stm32f10x_hd.o(.text)
    UART5_IRQHandler                         0x0800015f   Thumb Code     0  startup_stm32f10x_hd.o(.text)
    USART2_IRQHandler                        0x0800015f   Thumb Code     0  startup_stm32f10x_hd.o(.text)
    USART3_IRQHandler                        0x0800015f   Thumb Code     0  startup_stm32f10x_hd.o(.text)
    USBWakeUp_IRQHandler                     0x0800015f   Thumb Code     0  startup_stm32f10x_hd.o(.text)
    USB_HP_CAN1_TX_IRQHandler                0x0800015f   Thumb Code     0  startup_stm32f10x_hd.o(.text)
    USB_LP_CAN1_RX0_IRQHandler               0x0800015f   Thumb Code     0  startup_stm32f10x_hd.o(.text)
    WWDG_IRQHandler                          0x0800015f   Thumb Code     0  startup_stm32f10x_hd.o(.text)
    __aeabi_memcpy                           0x08000169   Thumb Code    36  memcpya.o(.text)
    __aeabi_memcpy4                          0x08000169   Thumb Code     0  memcpya.o(.text)
    __aeabi_memcpy8                          0x08000169   Thumb Code     0  memcpya.o(.text)
    __aeabi_memset                           0x0800018d   Thumb Code    14  memseta.o(.text)
    __aeabi_memset4                          0x0800018d   Thumb Code     0  memseta.o(.text)
    __aeabi_memset8                          0x0800018d   Thumb Code     0  memseta.o(.text)
    __aeabi_memclr                           0x0800019b   Thumb Code     4  memseta.o(.text)
    __aeabi_memclr4                          0x0800019b   Thumb Code     0  memseta.o(.text)
    __aeabi_memclr8                          0x0800019b   Thumb Code     0  memseta.o(.text)
    _memset$wrapper                          0x0800019f   Thumb Code    18  memseta.o(.text)
    strstr                                   0x080001b1   Thumb Code    36  strstr.o(.text)
    __aeabi_fadd                             0x080001d5   Thumb Code   164  fadd.o(.text)
    __aeabi_fsub                             0x08000279   Thumb Code     6  fadd.o(.text)
    __aeabi_frsub                            0x0800027f   Thumb Code     6  fadd.o(.text)
    __aeabi_fmul                             0x08000285   Thumb Code   100  fmul.o(.text)
    __aeabi_fdiv                             0x080002e9   Thumb Code   124  fdiv.o(.text)
    __aeabi_dadd                             0x08000365   Thumb Code   322  dadd.o(.text)
    __aeabi_dsub                             0x080004a7   Thumb Code     6  dadd.o(.text)
    __aeabi_drsub                            0x080004ad   Thumb Code     6  dadd.o(.text)
    __aeabi_dmul                             0x080004b3   Thumb Code   228  dmul.o(.text)
    __aeabi_ddiv                             0x08000597   Thumb Code   222  ddiv.o(.text)
    __aeabi_i2f                              0x08000675   Thumb Code    18  fflti.o(.text)
    __aeabi_ui2f                             0x08000687   Thumb Code    10  ffltui.o(.text)
    __aeabi_i2d                              0x08000691   Thumb Code    34  dflti.o(.text)
    __aeabi_d2iz                             0x080006b3   Thumb Code    62  dfixi.o(.text)
    __aeabi_f2d                              0x080006f1   Thumb Code    38  f2d.o(.text)
    __aeabi_d2f                              0x08000717   Thumb Code    56  d2f.o(.text)
    __aeabi_cfrcmple                         0x08000751   Thumb Code    20  cfrcmple.o(.text)
    __aeabi_llsl                             0x08000765   Thumb Code    30  llshl.o(.text)
    _ll_shift_l                              0x08000765   Thumb Code     0  llshl.o(.text)
    __aeabi_llsr                             0x08000783   Thumb Code    32  llushr.o(.text)
    _ll_ushift_r                             0x08000783   Thumb Code     0  llushr.o(.text)
    __aeabi_lasr                             0x080007a3   Thumb Code    36  llsshr.o(.text)
    _ll_sshift_r                             0x080007a3   Thumb Code     0  llsshr.o(.text)
    __I$use$fp                               0x080007c7   Thumb Code     0  iusefp.o(.text)
    _float_round                             0x080007c7   Thumb Code    18  fepilogue.o(.text)
    _float_epilogue                          0x080007d9   Thumb Code    92  fepilogue.o(.text)
    _double_round                            0x08000835   Thumb Code    30  depilogue.o(.text)
    _double_epilogue                         0x08000853   Thumb Code   156  depilogue.o(.text)
    __ARM_scalbn                             0x080008ef   Thumb Code    46  dscalb.o(.text)
    scalbn                                   0x080008ef   Thumb Code     0  dscalb.o(.text)
    _dsqrt                                   0x0800091d   Thumb Code   162  dsqrt.o(.text)
    __scatterload                            0x080009c1   Thumb Code    28  init.o(.text)
    __scatterload_rt2                        0x080009c1   Thumb Code     0  init.o(.text)
    __aeabi_ui2d                             0x080009e5   Thumb Code    26  dfltui.o(.text)
    ADC_All_Init                             0x080009ff   Thumb Code    16  adc.o(i.ADC_All_Init)
    ADC_Cmd                                  0x08000a0f   Thumb Code    22  stm32f10x_adc.o(i.ADC_Cmd)
    ADC_DMACmd                               0x08000a25   Thumb Code    22  stm32f10x_adc.o(i.ADC_DMACmd)
    ADC_DeInit                               0x08000a3d   Thumb Code    78  stm32f10x_adc.o(i.ADC_DeInit)
    ADC_GetCalibrationStatus                 0x08000abd   Thumb Code    20  stm32f10x_adc.o(i.ADC_GetCalibrationStatus)
    ADC_GetResetCalibrationStatus            0x08000ad1   Thumb Code    20  stm32f10x_adc.o(i.ADC_GetResetCalibrationStatus)
    ADC_Init                                 0x08000ae5   Thumb Code    70  stm32f10x_adc.o(i.ADC_Init)
    ADC_RegularChannelConfig                 0x08000bc5   Thumb Code   184  stm32f10x_adc.o(i.ADC_RegularChannelConfig)
    ADC_ResetCalibration                     0x08000c7d   Thumb Code    10  stm32f10x_adc.o(i.ADC_ResetCalibration)
    ADC_SoftwareStartConvCmd                 0x08000c87   Thumb Code    22  stm32f10x_adc.o(i.ADC_SoftwareStartConvCmd)
    ADC_StartCalibration                     0x08000c9d   Thumb Code    10  stm32f10x_adc.o(i.ADC_StartCalibration)
    ADC_cal_aveg                             0x08000ca9   Thumb Code    46  adc.o(i.ADC_cal_aveg)
    BusFault_Handler                         0x08000d0d   Thumb Code     4  stm32f10x_it.o(i.BusFault_Handler)
    DMA1_Channel1_IRQHandler                 0x08000d11   Thumb Code    22  adc.o(i.DMA1_Channel1_IRQHandler)
    DMA_ClearITPendingBit                    0x08000d29   Thumb Code    18  stm32f10x_dma.o(i.DMA_ClearITPendingBit)
    DMA_Cmd                                  0x08000d45   Thumb Code    24  stm32f10x_dma.o(i.DMA_Cmd)
    DMA_DeInit                               0x08000de9   Thumb Code   324  stm32f10x_dma.o(i.DMA_DeInit)
    DMA_GetITStatus                          0x08000f35   Thumb Code    36  stm32f10x_dma.o(i.DMA_GetITStatus)
    DMA_ITConfig                             0x08000f61   Thumb Code    18  stm32f10x_dma.o(i.DMA_ITConfig)
    DMA_Init                                 0x08000f73   Thumb Code    60  stm32f10x_dma.o(i.DMA_Init)
    DS1302_Init                              0x08000ff5   Thumb Code    34  ds1302.o(i.DS1302_Init)
    DS1302_ReadTime                          0x080010fd   Thumb Code    26  ds1302.o(i.DS1302_ReadTime)
    DebugMon_Handler                         0x08001203   Thumb Code     2  stm32f10x_it.o(i.DebugMon_Handler)
    Display_Real_Time                        0x08001205   Thumb Code   260  ds1302.o(i.Display_Real_Time)
    EXTI15_10_IRQHandler                     0x08001311   Thumb Code    56  stm32f10x_it.o(i.EXTI15_10_IRQHandler)
    EXTI_ClearITPendingBit                   0x08001351   Thumb Code     6  stm32f10x_exti.o(i.EXTI_ClearITPendingBit)
    EXTI_GetITStatus                         0x0800135d   Thumb Code    34  stm32f10x_exti.o(i.EXTI_GetITStatus)
    EXTI_Init                                0x08001385   Thumb Code   142  stm32f10x_exti.o(i.EXTI_Init)
    GPIO_EXTILineConfig                      0x08001419   Thumb Code    60  stm32f10x_gpio.o(i.GPIO_EXTILineConfig)
    GPIO_Init                                0x08001459   Thumb Code   278  stm32f10x_gpio.o(i.GPIO_Init)
    GPIO_ReadInputDataBit                    0x0800156f   Thumb Code    18  stm32f10x_gpio.o(i.GPIO_ReadInputDataBit)
    GPIO_ResetBits                           0x08001581   Thumb Code     4  stm32f10x_gpio.o(i.GPIO_ResetBits)
    GPIO_SetBits                             0x08001585   Thumb Code     4  stm32f10x_gpio.o(i.GPIO_SetBits)
    HardFault_Handler                        0x08001589   Thumb Code     4  stm32f10x_it.o(i.HardFault_Handler)
    IMU_init                                 0x0800158d   Thumb Code  1268  imuupdate.o(i.IMU_init)
    IMUupdate                                0x08001a89   Thumb Code   982  imuupdate.o(i.IMUupdate)
    MPU6050ReadAcc                           0x08001e89   Thumb Code    88  mpu6050.o(i.MPU6050ReadAcc)
    MPU6050ReadGyro                          0x08001ee5   Thumb Code    90  mpu6050.o(i.MPU6050ReadGyro)
    MPU6050ReadID                            0x08001f45   Thumb Code    32  mpu6050.o(i.MPU6050ReadID)
    MPU6050_Init                             0x08001f65   Thumb Code    72  mpu6050.o(i.MPU6050_Init)
    MemManage_Handler                        0x08002031   Thumb Code     4  stm32f10x_it.o(i.MemManage_Handler)
    NMI_Handler                              0x08002035   Thumb Code     2  stm32f10x_it.o(i.NMI_Handler)
    NVIC_Init                                0x08002039   Thumb Code   100  misc.o(i.NVIC_Init)
    NVIC_PriorityGroupConfig                 0x080020a9   Thumb Code    10  misc.o(i.NVIC_PriorityGroupConfig)
    OLED_Clear                               0x080020bd   Thumb Code    68  spi.o(i.OLED_Clear)
    OLED_Coord                               0x08002101   Thumb Code    46  spi.o(i.OLED_Coord)
    OLED_Display_Off                         0x0800212f   Thumb Code    28  spi.o(i.OLED_Display_Off)
    OLED_Display_On                          0x0800214b   Thumb Code    28  spi.o(i.OLED_Display_On)
    OLED_Init                                0x080021a1   Thumb Code   288  spi.o(i.OLED_Init)
    OLED_ShowChar                            0x080022c5   Thumb Code   106  spi.o(i.OLED_ShowChar)
    OLED_ShowNum                             0x08002335   Thumb Code    88  spi.o(i.OLED_ShowNum)
    OLED_Show_16X32_Num                      0x0800238d   Thumb Code   196  spi.o(i.OLED_Show_16X32_Num)
    OLED_Show_Battery                        0x08002455   Thumb Code    52  battery.o(i.OLED_Show_Battery)
    OLED_Show_Big_Time                       0x0800248d   Thumb Code    72  spi.o(i.OLED_Show_Big_Time)
    OLED_Show_RealTime_Battery               0x080024d5   Thumb Code    60  battery.o(i.OLED_Show_RealTime_Battery)
    PendSV_Handler                           0x08002519   Thumb Code     2  stm32f10x_it.o(i.PendSV_Handler)
    RCC_ADCCLKConfig                         0x0800251d   Thumb Code    18  stm32f10x_rcc.o(i.RCC_ADCCLKConfig)
    RCC_AHBPeriphClockCmd                    0x08002535   Thumb Code    26  stm32f10x_rcc.o(i.RCC_AHBPeriphClockCmd)
    RCC_APB1PeriphClockCmd                   0x08002555   Thumb Code    26  stm32f10x_rcc.o(i.RCC_APB1PeriphClockCmd)
    RCC_APB1PeriphResetCmd                   0x08002575   Thumb Code    26  stm32f10x_rcc.o(i.RCC_APB1PeriphResetCmd)
    RCC_APB2PeriphClockCmd                   0x08002595   Thumb Code    26  stm32f10x_rcc.o(i.RCC_APB2PeriphClockCmd)
    RCC_APB2PeriphResetCmd                   0x080025b5   Thumb Code    26  stm32f10x_rcc.o(i.RCC_APB2PeriphResetCmd)
    RCC_GetClocksFreq                        0x080025d5   Thumb Code   192  stm32f10x_rcc.o(i.RCC_GetClocksFreq)
    SPI_Write                                0x080026a9   Thumb Code   118  spi.o(i.SPI_Write)
    SVC_Handler                              0x08002725   Thumb Code     2  stm32f10x_it.o(i.SVC_Handler)
    SysTick_Handler                          0x08002811   Thumb Code     8  stm32f10x_it.o(i.SysTick_Handler)
    SystemInit                               0x08002899   Thumb Code    78  system_stm32f10x.o(i.SystemInit)
    TIM2_IRQHandler                          0x08002953   Thumb Code     8  time2.o(i.TIM2_IRQHandler)
    TIM_ClearFlag                            0x08002983   Thumb Code     6  stm32f10x_tim.o(i.TIM_ClearFlag)
    TIM_ClearITPendingBit                    0x08002989   Thumb Code     6  stm32f10x_tim.o(i.TIM_ClearITPendingBit)
    TIM_Cmd                                  0x0800298f   Thumb Code    24  stm32f10x_tim.o(i.TIM_Cmd)
    TIM_DeInit                               0x080029a9   Thumb Code   424  stm32f10x_tim.o(i.TIM_DeInit)
    TIM_GetITStatus                          0x08002b91   Thumb Code    34  stm32f10x_tim.o(i.TIM_GetITStatus)
    TIM_ITConfig                             0x08002bb3   Thumb Code    18  stm32f10x_tim.o(i.TIM_ITConfig)
    TIM_TimeBaseInit                         0x08002bc5   Thumb Code   122  stm32f10x_tim.o(i.TIM_TimeBaseInit)
    TimingDelay_Decrement                    0x08002c69   Thumb Code    52  systick.o(i.TimingDelay_Decrement)
    Timing_1ms                               0x08002ca5   Thumb Code    34  systick.o(i.Timing_1ms)
    USART1_IRQHandler                        0x08002ccd   Thumb Code   302  usart_1.o(i.USART1_IRQHandler)
    USART_ClearFlag                          0x08002e41   Thumb Code    18  stm32f10x_usart.o(i.USART_ClearFlag)
    USART_ClearITPendingBit                  0x08002e53   Thumb Code    30  stm32f10x_usart.o(i.USART_ClearITPendingBit)
    USART_Cmd                                0x08002e71   Thumb Code    24  stm32f10x_usart.o(i.USART_Cmd)
    USART_DeInit                             0x08002e89   Thumb Code   134  stm32f10x_usart.o(i.USART_DeInit)
    USART_GetFlagStatus                      0x08002f25   Thumb Code    26  stm32f10x_usart.o(i.USART_GetFlagStatus)
    USART_GetITStatus                        0x08002f3f   Thumb Code    84  stm32f10x_usart.o(i.USART_GetITStatus)
    USART_ITConfig                           0x08002f93   Thumb Code    74  stm32f10x_usart.o(i.USART_ITConfig)
    USART_Init                               0x08002fdd   Thumb Code   210  stm32f10x_usart.o(i.USART_Init)
    USART_ReceiveData                        0x080030b5   Thumb Code    10  stm32f10x_usart.o(i.USART_ReceiveData)
    USART_SendData                           0x080030bf   Thumb Code     8  stm32f10x_usart.o(i.USART_SendData)
    UsageFault_Handler                       0x080030c7   Thumb Code     4  stm32f10x_it.o(i.UsageFault_Handler)
    Usart1_Configuration                     0x080030cd   Thumb Code   116  usart_1.o(i.Usart1_Configuration)
    Usart1_GPIO_Init                         0x08003145   Thumb Code    64  usart_1.o(i.Usart1_GPIO_Init)
    __0printf$bare                           0x08003189   Thumb Code     8  printfb.o(i.__0printf$bare)
    __1printf$bare                           0x08003189   Thumb Code     0  printfb.o(i.__0printf$bare)
    __2printf                                0x08003189   Thumb Code     0  printfb.o(i.__0printf$bare)
    __ARM_fpclassify                         0x08003199   Thumb Code    40  fpclassify.o(i.__ARM_fpclassify)
    __ieee754_rem_pio2                       0x080031c1   Thumb Code   828  rred.o(i.__ieee754_rem_pio2)
    __kernel_cos                             0x08003549   Thumb Code   230  cos_i.o(i.__kernel_cos)
    __kernel_poly                            0x08003645   Thumb Code   170  poly.o(i.__kernel_poly)
    __kernel_sin                             0x080036f1   Thumb Code   224  sin_i.o(i.__kernel_sin)
    __mathlib_dbl_infnan                     0x080037dd   Thumb Code     6  dunder.o(i.__mathlib_dbl_infnan)
    __mathlib_dbl_infnan2                    0x080037e3   Thumb Code     4  dunder.o(i.__mathlib_dbl_infnan2)
    __mathlib_dbl_invalid                    0x080037e7   Thumb Code    12  dunder.o(i.__mathlib_dbl_invalid)
    __mathlib_dbl_underflow                  0x080037f5   Thumb Code    10  dunder.o(i.__mathlib_dbl_underflow)
    __scatterload_copy                       0x08003805   Thumb Code    14  handlers.o(i.__scatterload_copy)
    __scatterload_null                       0x08003813   Thumb Code     2  handlers.o(i.__scatterload_null)
    __scatterload_zeroinit                   0x08003815   Thumb Code    14  handlers.o(i.__scatterload_zeroinit)
    __set_errno                              0x08003825   Thumb Code     6  errno.o(i.__set_errno)
    adjust_real_time                         0x08003855   Thumb Code    42  ds1302.o(i.adjust_real_time)
    asin                                     0x08003885   Thumb Code   572  asin.o(i.asin)
    atan                                     0x08003af5   Thumb Code   474  atan.o(i.atan)
    atan2                                    0x08003d15   Thumb Code   346  atan2.o(i.atan2)
    cos                                      0x08003e95   Thumb Code   148  cos.o(i.cos)
    delay_ms                                 0x08003f31   Thumb Code    60  systick.o(i.delay_ms)
    fputc                                    0x08003f71   Thumb Code    32  usart_1.o(i.fputc)
    get_euler_angle                          0x08003f95   Thumb Code   446  imuupdate.o(i.get_euler_angle)
    i2c_Ack                                  0x08004175   Thumb Code    44  iic.o(i.i2c_Ack)
    i2c_GPIO_Config                          0x080041b5   Thumb Code    42  iic.o(i.i2c_GPIO_Config)
    i2c_NAck                                 0x080041e5   Thumb Code    36  iic.o(i.i2c_NAck)
    i2c_ReadByte                             0x0800420d   Thumb Code    76  iic.o(i.i2c_ReadByte)
    i2c_SendByte                             0x0800425d   Thumb Code    80  iic.o(i.i2c_SendByte)
    i2c_Start                                0x080042b1   Thumb Code    42  iic.o(i.i2c_Start)
    i2c_Stop                                 0x080042e1   Thumb Code    28  iic.o(i.i2c_Stop)
    i2c_WaitAck                              0x08004301   Thumb Code    56  iic.o(i.i2c_WaitAck)
    key_init                                 0x0800435d   Thumb Code   108  key.o(i.key_init)
    main                                     0x080043cd   Thumb Code   212  main.o(i.main)
    main_loop                                0x080044b9   Thumb Code   208  main.o(i.main_loop)
    mpu6050_data_process                     0x080045b9   Thumb Code   456  mpu6050.o(i.mpu6050_data_process)
    sin                                      0x080047c5   Thumb Code   150  sin.o(i.sin)
    sqrt                                     0x08004865   Thumb Code    76  sqrt.o(i.sqrt)
    time_2_init                              0x080048b1   Thumb Code    16  time2.o(i.time_2_init)
    F6x8                                     0x080048c0   Data         552  word.o(.constdata)
    F8X16                                    0x08004ae8   Data        1520  word.o(.constdata)
    F16X32                                   0x080050d8   Data         748  word.o(.constdata)
    Hzk                                      0x080053c4   Data         512  word.o(.constdata)
    BMP                                      0x080055c4   Data         238  word.o(.constdata)
    __mathlib_zero                           0x080057d0   Data           8  qnan.o(.constdata)
    Region$$Table$$Base                      0x080058c8   Number         0  anon$$obj.o(Region$$Table)
    Region$$Table$$Limit                     0x080058e8   Number         0  anon$$obj.o(Region$$Table)
    light_screen_2                           0x20000000   Data           1  main.o(.data)
    light_screen                             0x20000006   Data           1  stm32f10x_it.o(.data)
    timing_flag                              0x20000008   Data           1  systick.o(.data)
    TIME                                     0x20000010   Data           7  ds1302.o(.data)
    after_filter                             0x20000018   Data           2  adc.o(.data)
    init_time                                0x20000040   Data           8  usart_1.o(.data)
    temp                                     0x20000048   Data           8  usart_1.o(.data)
    adjust_real_time_flag                    0x20000050   Data           1  usart_1.o(.data)
    Tx_Counter                               0x20000051   Data           1  usart_1.o(.data)
    Tx_Counter_Temp                          0x20000052   Data           1  usart_1.o(.data)
    Rx_Counter                               0x20000053   Data           1  usart_1.o(.data)
    q0                                       0x20000054   Data           4  imuupdate.o(.data)
    q1                                       0x20000058   Data           4  imuupdate.o(.data)
    q2                                       0x2000005c   Data           4  imuupdate.o(.data)
    q3                                       0x20000060   Data           4  imuupdate.o(.data)
    exInt                                    0x20000064   Data           4  imuupdate.o(.data)
    eyInt                                    0x20000068   Data           4  imuupdate.o(.data)
    ezInt                                    0x2000006c   Data           4  imuupdate.o(.data)
    SystemCoreClock                          0x20000070   Data           4  system_stm32f10x.o(.data)
    AHBPrescTable                            0x20000074   Data          16  system_stm32f10x.o(.data)
    __stdout                                 0x20000098   Data           4  stdout.o(.data)
    CmdRx_Buffer                             0x200000a0   Data          10  main.o(.bss)
    AD_value                                 0x200000aa   Data          60  adc.o(.bss)
    mpu_data                                 0x200000e8   Data          80  mpu6050.o(.bss)
    euler_angle                              0x20000138   Data          12  mpu6050.o(.bss)
    data_to_send                             0x20000144   Data          50  usart_1.o(.bss)
    Tx_Buffer                                0x20000176   Data         256  usart_1.o(.bss)
    Rx_Buffer                                0x20000276   Data          50  usart_1.o(.bss)
    __initial_sp                             0x200006a8   Data           0  startup_stm32f10x_hd.o(STACK)



==============================================================================

Memory Map of the image

  Image Entry point : 0x08000131

  Load Region LR_IROM1 (Base: 0x08000000, Size: 0x00005988, Max: 0x00010000, ABSOLUTE)

    Execution Region ER_IROM1 (Base: 0x08000000, Size: 0x000058e8, Max: 0x00010000, ABSOLUTE)

    Base Addr    Size         Type   Attr      Idx    E Section Name        Object

    0x08000000   0x00000130   Data   RO          823    RESET               startup_stm32f10x_hd.o
    0x08000130   0x00000000   Code   RO         2500  * .ARM.Collect$$$$00000000  mc_w.l(entry.o)
    0x08000130   0x00000004   Code   RO         2842    .ARM.Collect$$$$00000001  mc_w.l(entry2.o)
    0x08000134   0x00000004   Code   RO         2845    .ARM.Collect$$$$00000004  mc_w.l(entry5.o)
    0x08000138   0x00000000   Code   RO         2847    .ARM.Collect$$$$00000008  mc_w.l(entry7b.o)
    0x08000138   0x00000000   Code   RO         2849    .ARM.Collect$$$$0000000A  mc_w.l(entry8b.o)
    0x08000138   0x00000008   Code   RO         2850    .ARM.Collect$$$$0000000B  mc_w.l(entry9a.o)
    0x08000140   0x00000000   Code   RO         2852    .ARM.Collect$$$$0000000D  mc_w.l(entry10a.o)
    0x08000140   0x00000000   Code   RO         2854    .ARM.Collect$$$$0000000F  mc_w.l(entry11a.o)
    0x08000140   0x00000004   Code   RO         2843    .ARM.Collect$$$$00002712  mc_w.l(entry2.o)
    0x08000144   0x00000024   Code   RO          824    .text               startup_stm32f10x_hd.o
    0x08000168   0x00000024   Code   RO         2503    .text               mc_w.l(memcpya.o)
    0x0800018c   0x00000024   Code   RO         2505    .text               mc_w.l(memseta.o)
    0x080001b0   0x00000024   Code   RO         2507    .text               mc_w.l(strstr.o)
    0x080001d4   0x000000b0   Code   RO         2771    .text               mf_w.l(fadd.o)
    0x08000284   0x00000064   Code   RO         2773    .text               mf_w.l(fmul.o)
    0x080002e8   0x0000007c   Code   RO         2775    .text               mf_w.l(fdiv.o)
    0x08000364   0x0000014e   Code   RO         2777    .text               mf_w.l(dadd.o)
    0x080004b2   0x000000e4   Code   RO         2779    .text               mf_w.l(dmul.o)
    0x08000596   0x000000de   Code   RO         2781    .text               mf_w.l(ddiv.o)
    0x08000674   0x00000012   Code   RO         2783    .text               mf_w.l(fflti.o)
    0x08000686   0x0000000a   Code   RO         2785    .text               mf_w.l(ffltui.o)
    0x08000690   0x00000022   Code   RO         2787    .text               mf_w.l(dflti.o)
    0x080006b2   0x0000003e   Code   RO         2791    .text               mf_w.l(dfixi.o)
    0x080006f0   0x00000026   Code   RO         2793    .text               mf_w.l(f2d.o)
    0x08000716   0x00000038   Code   RO         2795    .text               mf_w.l(d2f.o)
    0x0800074e   0x00000002   PAD
    0x08000750   0x00000014   Code   RO         2797    .text               mf_w.l(cfrcmple.o)
    0x08000764   0x0000001e   Code   RO         2861    .text               mc_w.l(llshl.o)
    0x08000782   0x00000020   Code   RO         2863    .text               mc_w.l(llushr.o)
    0x080007a2   0x00000024   Code   RO         2865    .text               mc_w.l(llsshr.o)
    0x080007c6   0x00000000   Code   RO         2874    .text               mc_w.l(iusefp.o)
    0x080007c6   0x0000006e   Code   RO         2875    .text               mf_w.l(fepilogue.o)
    0x08000834   0x000000ba   Code   RO         2877    .text               mf_w.l(depilogue.o)
    0x080008ee   0x0000002e   Code   RO         2879    .text               mf_w.l(dscalb.o)
    0x0800091c   0x000000a2   Code   RO         2881    .text               mf_w.l(dsqrt.o)
    0x080009be   0x00000002   PAD
    0x080009c0   0x00000024   Code   RO         2889    .text               mc_w.l(init.o)
    0x080009e4   0x0000001a   Code   RO         2891    .text               mf_w.l(dfltui.o)
    0x080009fe   0x00000010   Code   RO          413    i.ADC_All_Init      adc.o
    0x08000a0e   0x00000016   Code   RO         1786    i.ADC_Cmd           stm32f10x_adc.o
    0x08000a24   0x00000016   Code   RO         1787    i.ADC_DMACmd        stm32f10x_adc.o
    0x08000a3a   0x00000002   PAD
    0x08000a3c   0x0000005c   Code   RO         1788    i.ADC_DeInit        stm32f10x_adc.o
    0x08000a98   0x00000024   Code   RO          414    i.ADC_GPIO_Init     adc.o
    0x08000abc   0x00000014   Code   RO         1794    i.ADC_GetCalibrationStatus  stm32f10x_adc.o
    0x08000ad0   0x00000014   Code   RO         1800    i.ADC_GetResetCalibrationStatus  stm32f10x_adc.o
    0x08000ae4   0x00000050   Code   RO         1804    i.ADC_Init          stm32f10x_adc.o
    0x08000b34   0x00000090   Code   RO          415    i.ADC_Mode_Config   adc.o
    0x08000bc4   0x000000b8   Code   RO         1808    i.ADC_RegularChannelConfig  stm32f10x_adc.o
    0x08000c7c   0x0000000a   Code   RO         1809    i.ADC_ResetCalibration  stm32f10x_adc.o
    0x08000c86   0x00000016   Code   RO         1811    i.ADC_SoftwareStartConvCmd  stm32f10x_adc.o
    0x08000c9c   0x0000000a   Code   RO         1813    i.ADC_StartCalibration  stm32f10x_adc.o
    0x08000ca6   0x00000002   PAD
    0x08000ca8   0x00000038   Code   RO          416    i.ADC_cal_aveg      adc.o
    0x08000ce0   0x0000002c   Code   RO          417    i.ADC_filter        adc.o
    0x08000d0c   0x00000004   Code   RO          218    i.BusFault_Handler  stm32f10x_it.o
    0x08000d10   0x00000016   Code   RO          418    i.DMA1_Channel1_IRQHandler  adc.o
    0x08000d26   0x00000002   PAD
    0x08000d28   0x0000001c   Code   RO         2003    i.DMA_ClearITPendingBit  stm32f10x_dma.o
    0x08000d44   0x00000018   Code   RO         2004    i.DMA_Cmd           stm32f10x_dma.o
    0x08000d5c   0x0000008c   Code   RO          419    i.DMA_Configuration  adc.o
    0x08000de8   0x0000014c   Code   RO         2005    i.DMA_DeInit        stm32f10x_dma.o
    0x08000f34   0x0000002c   Code   RO         2008    i.DMA_GetITStatus   stm32f10x_dma.o
    0x08000f60   0x00000012   Code   RO         2009    i.DMA_ITConfig      stm32f10x_dma.o
    0x08000f72   0x0000003c   Code   RO         2010    i.DMA_Init          stm32f10x_dma.o
    0x08000fae   0x00000002   PAD
    0x08000fb0   0x00000044   Code   RO          337    i.DS1302_GPIO_Init  ds1302.o
    0x08000ff4   0x0000002c   Code   RO          338    i.DS1302_Init       ds1302.o
    0x08001020   0x0000005c   Code   RO          339    i.DS1302_ReadByte   ds1302.o
    0x0800107c   0x00000080   Code   RO          340    i.DS1302_ReadData   ds1302.o
    0x080010fc   0x00000020   Code   RO          341    i.DS1302_ReadTime   ds1302.o
    0x0800111c   0x00000064   Code   RO          342    i.DS1302_WriteByte  ds1302.o
    0x08001180   0x00000064   Code   RO          343    i.DS1302_WriteData  ds1302.o
    0x080011e4   0x0000001e   Code   RO          344    i.DS1302_delay_us   ds1302.o
    0x08001202   0x00000002   Code   RO          219    i.DebugMon_Handler  stm32f10x_it.o
    0x08001204   0x0000010c   Code   RO          345    i.Display_Real_Time  ds1302.o
    0x08001310   0x00000040   Code   RO          220    i.EXTI15_10_IRQHandler  stm32f10x_it.o
    0x08001350   0x0000000c   Code   RO         1727    i.EXTI_ClearITPendingBit  stm32f10x_exti.o
    0x0800135c   0x00000028   Code   RO         1731    i.EXTI_GetITStatus  stm32f10x_exti.o
    0x08001384   0x00000094   Code   RO         1732    i.EXTI_Init         stm32f10x_exti.o
    0x08001418   0x00000040   Code   RO          867    i.GPIO_EXTILineConfig  stm32f10x_gpio.o
    0x08001458   0x00000116   Code   RO          870    i.GPIO_Init         stm32f10x_gpio.o
    0x0800156e   0x00000012   Code   RO          874    i.GPIO_ReadInputDataBit  stm32f10x_gpio.o
    0x08001580   0x00000004   Code   RO          877    i.GPIO_ResetBits    stm32f10x_gpio.o
    0x08001584   0x00000004   Code   RO          878    i.GPIO_SetBits      stm32f10x_gpio.o
    0x08001588   0x00000004   Code   RO          221    i.HardFault_Handler  stm32f10x_it.o
    0x0800158c   0x000004fc   Code   RO          636    i.IMU_init          imuupdate.o
    0x08001a88   0x00000400   Code   RO          637    i.IMUupdate         imuupdate.o
    0x08001e88   0x0000005c   Code   RO          483    i.MPU6050ReadAcc    mpu6050.o
    0x08001ee4   0x00000060   Code   RO          484    i.MPU6050ReadGyro   mpu6050.o
    0x08001f44   0x00000020   Code   RO          485    i.MPU6050ReadID     mpu6050.o
    0x08001f64   0x00000048   Code   RO          486    i.MPU6050_Init      mpu6050.o
    0x08001fac   0x00000056   Code   RO          487    i.MPU6050_ReadData  mpu6050.o
    0x08002002   0x0000002e   Code   RO          489    i.MPU6050_WriteReg  mpu6050.o
    0x08002030   0x00000004   Code   RO          222    i.MemManage_Handler  stm32f10x_it.o
    0x08002034   0x00000002   Code   RO          223    i.NMI_Handler       stm32f10x_it.o
    0x08002036   0x00000002   PAD
    0x08002038   0x00000070   Code   RO          828    i.NVIC_Init         misc.o
    0x080020a8   0x00000014   Code   RO          829    i.NVIC_PriorityGroupConfig  misc.o
    0x080020bc   0x00000044   Code   RO          126    i.OLED_Clear        spi.o
    0x08002100   0x0000002e   Code   RO          127    i.OLED_Coord        spi.o
    0x0800212e   0x0000001c   Code   RO          128    i.OLED_Display_Off  spi.o
    0x0800214a   0x0000001c   Code   RO          129    i.OLED_Display_On   spi.o
    0x08002166   0x00000002   PAD
    0x08002168   0x00000038   Code   RO          130    i.OLED_GPIO_INIT    spi.o
    0x080021a0   0x00000124   Code   RO          131    i.OLED_Init         spi.o
    0x080022c4   0x00000070   Code   RO          132    i.OLED_ShowChar     spi.o
    0x08002334   0x00000058   Code   RO          134    i.OLED_ShowNum      spi.o
    0x0800238c   0x000000c8   Code   RO          135    i.OLED_Show_16X32_Num  spi.o
    0x08002454   0x00000038   Code   RO          538    i.OLED_Show_Battery  battery.o
    0x0800248c   0x00000048   Code   RO          136    i.OLED_Show_Big_Time  spi.o
    0x080024d4   0x00000044   Code   RO          539    i.OLED_Show_RealTime_Battery  battery.o
    0x08002518   0x00000002   Code   RO          224    i.PendSV_Handler    stm32f10x_it.o
    0x0800251a   0x00000002   PAD
    0x0800251c   0x00000018   Code   RO          978    i.RCC_ADCCLKConfig  stm32f10x_rcc.o
    0x08002534   0x00000020   Code   RO          979    i.RCC_AHBPeriphClockCmd  stm32f10x_rcc.o
    0x08002554   0x00000020   Code   RO          980    i.RCC_APB1PeriphClockCmd  stm32f10x_rcc.o
    0x08002574   0x00000020   Code   RO          981    i.RCC_APB1PeriphResetCmd  stm32f10x_rcc.o
    0x08002594   0x00000020   Code   RO          982    i.RCC_APB2PeriphClockCmd  stm32f10x_rcc.o
    0x080025b4   0x00000020   Code   RO          983    i.RCC_APB2PeriphResetCmd  stm32f10x_rcc.o
    0x080025d4   0x000000d4   Code   RO          990    i.RCC_GetClocksFreq  stm32f10x_rcc.o
    0x080026a8   0x0000007c   Code   RO          138    i.SPI_Write         spi.o
    0x08002724   0x00000002   Code   RO          225    i.SVC_Handler       stm32f10x_it.o
    0x08002726   0x00000008   Code   RO          771    i.SetSysClock       system_stm32f10x.o
    0x0800272e   0x00000002   PAD
    0x08002730   0x000000e0   Code   RO          772    i.SetSysClockTo72   system_stm32f10x.o
    0x08002810   0x00000008   Code   RO          226    i.SysTick_Handler   stm32f10x_it.o
    0x08002818   0x00000080   Code   RO          295    i.SysTick_Init      systick.o
    0x08002898   0x00000060   Code   RO          774    i.SystemInit        system_stm32f10x.o
    0x080028f8   0x0000005a   Code   RO          729    i.TIM2_Configuration  time2.o
    0x08002952   0x00000008   Code   RO          730    i.TIM2_IRQHandler   time2.o
    0x0800295a   0x00000028   Code   RO          731    i.TIM2_NVIC_Configuration  time2.o
    0x08002982   0x00000006   Code   RO         1188    i.TIM_ClearFlag     stm32f10x_tim.o
    0x08002988   0x00000006   Code   RO         1189    i.TIM_ClearITPendingBit  stm32f10x_tim.o
    0x0800298e   0x00000018   Code   RO         1194    i.TIM_Cmd           stm32f10x_tim.o
    0x080029a6   0x00000002   PAD
    0x080029a8   0x000001e8   Code   RO         1199    i.TIM_DeInit        stm32f10x_tim.o
    0x08002b90   0x00000022   Code   RO         1215    i.TIM_GetITStatus   stm32f10x_tim.o
    0x08002bb2   0x00000012   Code   RO         1219    i.TIM_ITConfig      stm32f10x_tim.o
    0x08002bc4   0x000000a4   Code   RO         1265    i.TIM_TimeBaseInit  stm32f10x_tim.o
    0x08002c68   0x0000003c   Code   RO          296    i.TimingDelay_Decrement  systick.o
    0x08002ca4   0x00000028   Code   RO          297    i.Timing_1ms        systick.o
    0x08002ccc   0x00000174   Code   RO          570    i.USART1_IRQHandler  usart_1.o
    0x08002e40   0x00000012   Code   RO         2074    i.USART_ClearFlag   stm32f10x_usart.o
    0x08002e52   0x0000001e   Code   RO         2075    i.USART_ClearITPendingBit  stm32f10x_usart.o
    0x08002e70   0x00000018   Code   RO         2078    i.USART_Cmd         stm32f10x_usart.o
    0x08002e88   0x0000009c   Code   RO         2080    i.USART_DeInit      stm32f10x_usart.o
    0x08002f24   0x0000001a   Code   RO         2081    i.USART_GetFlagStatus  stm32f10x_usart.o
    0x08002f3e   0x00000054   Code   RO         2082    i.USART_GetITStatus  stm32f10x_usart.o
    0x08002f92   0x0000004a   Code   RO         2084    i.USART_ITConfig    stm32f10x_usart.o
    0x08002fdc   0x000000d8   Code   RO         2085    i.USART_Init        stm32f10x_usart.o
    0x080030b4   0x0000000a   Code   RO         2092    i.USART_ReceiveData  stm32f10x_usart.o
    0x080030be   0x00000008   Code   RO         2095    i.USART_SendData    stm32f10x_usart.o
    0x080030c6   0x00000004   Code   RO          227    i.UsageFault_Handler  stm32f10x_it.o
    0x080030ca   0x00000002   PAD
    0x080030cc   0x00000078   Code   RO          575    i.Usart1_Configuration  usart_1.o
    0x08003144   0x00000044   Code   RO          576    i.Usart1_GPIO_Init  usart_1.o
    0x08003188   0x00000010   Code   RO         2512    i.__0printf$bare    mc_w.l(printfb.o)
    0x08003198   0x00000028   Code   RO         2826    i.__ARM_fpclassify  m_ws.l(fpclassify.o)
    0x080031c0   0x00000388   Code   RO         2831    i.__ieee754_rem_pio2  m_ws.l(rred.o)
    0x08003548   0x000000fc   Code   RO         2809    i.__kernel_cos      m_ws.l(cos_i.o)
    0x08003644   0x000000aa   Code   RO         2828    i.__kernel_poly     m_ws.l(poly.o)
    0x080036ee   0x00000002   PAD
    0x080036f0   0x000000ec   Code   RO         2836    i.__kernel_sin      m_ws.l(sin_i.o)
    0x080037dc   0x00000006   Code   RO         2813    i.__mathlib_dbl_infnan  m_ws.l(dunder.o)
    0x080037e2   0x00000004   Code   RO         2814    i.__mathlib_dbl_infnan2  m_ws.l(dunder.o)
    0x080037e6   0x0000000c   Code   RO         2815    i.__mathlib_dbl_invalid  m_ws.l(dunder.o)
    0x080037f2   0x00000002   PAD
    0x080037f4   0x00000010   Code   RO         2818    i.__mathlib_dbl_underflow  m_ws.l(dunder.o)
    0x08003804   0x0000000e   Code   RO         2895    i.__scatterload_copy  mc_w.l(handlers.o)
    0x08003812   0x00000002   Code   RO         2896    i.__scatterload_null  mc_w.l(handlers.o)
    0x08003814   0x0000000e   Code   RO         2897    i.__scatterload_zeroinit  mc_w.l(handlers.o)
    0x08003822   0x00000002   PAD
    0x08003824   0x0000000c   Code   RO         2869    i.__set_errno       mc_w.l(errno.o)
    0x08003830   0x00000022   Code   RO         2519    i._printf_core      mc_w.l(printfb.o)
    0x08003852   0x00000002   PAD
    0x08003854   0x00000030   Code   RO          346    i.adjust_real_time  ds1302.o
    0x08003884   0x00000270   Code   RO         2459    i.asin              m_ws.l(asin.o)
    0x08003af4   0x00000220   Code   RO         2800    i.atan              m_ws.l(atan.o)
    0x08003d14   0x00000180   Code   RO         2469    i.atan2             m_ws.l(atan2.o)
    0x08003e94   0x0000009c   Code   RO         2477    i.cos               m_ws.l(cos.o)
    0x08003f30   0x00000040   Code   RO          298    i.delay_ms          systick.o
    0x08003f70   0x00000024   Code   RO          577    i.fputc             usart_1.o
    0x08003f94   0x000001e0   Code   RO          638    i.get_euler_angle   imuupdate.o
    0x08004174   0x00000030   Code   RO          664    i.i2c_Ack           iic.o
    0x080041a4   0x0000000e   Code   RO          666    i.i2c_Delay         iic.o
    0x080041b2   0x00000002   PAD
    0x080041b4   0x00000030   Code   RO          667    i.i2c_GPIO_Config   iic.o
    0x080041e4   0x00000028   Code   RO          668    i.i2c_NAck          iic.o
    0x0800420c   0x00000050   Code   RO          669    i.i2c_ReadByte      iic.o
    0x0800425c   0x00000054   Code   RO          670    i.i2c_SendByte      iic.o
    0x080042b0   0x00000030   Code   RO          671    i.i2c_Start         iic.o
    0x080042e0   0x00000020   Code   RO          672    i.i2c_Stop          iic.o
    0x08004300   0x0000003c   Code   RO          673    i.i2c_WaitAck       iic.o
    0x0800433c   0x00000020   Code   RO          228    i.key_delay         stm32f10x_it.o
    0x0800435c   0x00000070   Code   RO          401    i.key_init          key.o
    0x080043cc   0x000000ec   Code   RO            1    i.main              main.o
    0x080044b8   0x00000100   Code   RO            2    i.main_loop         main.o
    0x080045b8   0x000001f4   Code   RO          490    i.mpu6050_data_process  mpu6050.o
    0x080047ac   0x00000016   Code   RO          139    i.oled_pow          spi.o
    0x080047c2   0x00000002   PAD
    0x080047c4   0x000000a0   Code   RO         2485    i.sin               m_ws.l(sin.o)
    0x08004864   0x0000004c   Code   RO         2493    i.sqrt              m_ws.l(sqrt.o)
    0x080048b0   0x00000010   Code   RO          732    i.time_2_init       time2.o
    0x080048c0   0x00000df2   Data   RO          556    .constdata          word.o
    0x080056b2   0x00000006   PAD
    0x080056b8   0x00000050   Data   RO         2460    .constdata          m_ws.l(asin.o)
    0x08005708   0x00000098   Data   RO         2801    .constdata          m_ws.l(atan.o)
    0x080057a0   0x00000030   Data   RO         2810    .constdata          m_ws.l(cos_i.o)
    0x080057d0   0x00000008   Data   RO         2830    .constdata          m_ws.l(qnan.o)
    0x080057d8   0x000000c8   Data   RO         2833    .constdata          m_ws.l(rred.o)
    0x080058a0   0x00000028   Data   RO         2837    .constdata          m_ws.l(sin_i.o)
    0x080058c8   0x00000020   Data   RO         2893    Region$$Table       anon$$obj.o


    Execution Region RW_IRAM1 (Base: 0x20000000, Size: 0x000006a8, Max: 0x00005000, ABSOLUTE)

    Base Addr    Size         Type   Attr      Idx    E Section Name        Object

    0x20000000   0x00000006   Data   RW            4    .data               main.o
    0x20000006   0x00000001   Data   RW          229    .data               stm32f10x_it.o
    0x20000007   0x00000001   PAD
    0x20000008   0x00000008   Data   RW          300    .data               systick.o
    0x20000010   0x00000007   Data   RW          347    .data               ds1302.o
    0x20000017   0x00000001   PAD
    0x20000018   0x00000002   Data   RW          421    .data               adc.o
    0x2000001a   0x00000026   Data   RW          492    .data               mpu6050.o
    0x20000040   0x00000014   Data   RW          579    .data               usart_1.o
    0x20000054   0x0000001c   Data   RW          639    .data               imuupdate.o
    0x20000070   0x00000014   Data   RW          775    .data               system_stm32f10x.o
    0x20000084   0x00000014   Data   RW         1010    .data               stm32f10x_rcc.o
    0x20000098   0x00000004   Data   RW         2856    .data               mc_w.l(stdout.o)
    0x2000009c   0x00000004   Data   RW         2870    .data               mc_w.l(errno.o)
    0x200000a0   0x0000000a   Zero   RW            3    .bss                main.o
    0x200000aa   0x0000003c   Zero   RW          420    .bss                adc.o
    0x200000e6   0x00000002   PAD
    0x200000e8   0x0000005c   Zero   RW          491    .bss                mpu6050.o
    0x20000144   0x00000164   Zero   RW          578    .bss                usart_1.o
    0x200002a8   0x00000400   Zero   RW          821    STACK               startup_stm32f10x_hd.o


==============================================================================

Image component sizes


      Code (inc. data)   RO Data    RW Data    ZI Data      Debug   Object Name

       458         38          0          2         60       3537   adc.o
       124         12          0          0          0       1129   battery.o
         0          0          0          0          0         32   core_cm3.o
       910         68          0          7          0       4786   ds1302.o
       454         36          0          0          0       3906   iic.o
      2780        106          0         28          0       2253   imuupdate.o
       112          4          0          0          0        531   key.o
       492         72          0          6         10     286619   main.o
       132         22          0          0          0       1331   misc.o
       924         54          0         38         92       4188   mpu6050.o
      1136         26          0          0          0       6225   spi.o
        36          8        304          0       1024        768   startup_stm32f10x_hd.o
       482         24          0          0          0       7174   stm32f10x_adc.o
       506         26          0          0          0       4667   stm32f10x_dma.o
       200         18          0          0          0       1824   stm32f10x_exti.o
       368          4          0          0          0       3854   stm32f10x_gpio.o
       128          8          0          1          0       4784   stm32f10x_it.o
       396         56          0         20          0       6095   stm32f10x_rcc.o
       740        106          0          0          0       4331   stm32f10x_tim.o
       646         28          0          0          0       7172   stm32f10x_usart.o
       328         28          0         20          0       1945   system_stm32f10x.o
       292         34          0          8          0      17353   systick.o
       154          0          0          0          0       1708   time2.o
       596         82          0         20        356       3500   usart_1.o
         0          0       3570          0          0        600   word.o

    ----------------------------------------------------------------------
     12418        860       3912        152       1544     380312   Object Totals
         0          0         32          0          0          0   (incl. Generated)
        24          0          6          2          2          0   (incl. Padding)

    ----------------------------------------------------------------------

      Code (inc. data)   RO Data    RW Data    ZI Data      Debug   Library Member Name

       624         52         80          0          0        168   asin.o
       544         70        152          0          0        124   atan.o
       384         38          0          0          0        144   atan2.o
       156          8          0          0          0        104   cos.o
       252         22         48          0          0        124   cos_i.o
        38          6          0          0          0        272   dunder.o
        40          0          0          0          0         68   fpclassify.o
       170          0          0          0          0         96   poly.o
         0          0          8          0          0          0   qnan.o
       904         76        200          0          0        140   rred.o
       160         10          0          0          0        108   sin.o
       236         12         40          0          0        128   sin_i.o
        76          0          0          0          0         84   sqrt.o
         0          0          0          0          0          0   entry.o
         0          0          0          0          0          0   entry10a.o
         0          0          0          0          0          0   entry11a.o
         8          4          0          0          0          0   entry2.o
         4          0          0          0          0          0   entry5.o
         0          0          0          0          0          0   entry7b.o
         0          0          0          0          0          0   entry8b.o
         8          4          0          0          0          0   entry9a.o
        12          6          0          4          0         68   errno.o
        30          0          0          0          0          0   handlers.o
        36          8          0          0          0         68   init.o
         0          0          0          0          0          0   iusefp.o
        30          0          0          0          0         68   llshl.o
        36          0          0          0          0         68   llsshr.o
        32          0          0          0          0         68   llushr.o
        36          0          0          0          0         68   memcpya.o
        36          0          0          0          0        108   memseta.o
        50          8          0          0          0        152   printfb.o
         0          0          0          4          0          0   stdout.o
        36          0          0          0          0         80   strstr.o
        20          0          0          0          0         68   cfrcmple.o
        56          0          0          0          0         88   d2f.o
       334          0          0          0          0        148   dadd.o
       222          0          0          0          0        100   ddiv.o
       186          0          0          0          0        176   depilogue.o
        62          0          0          0          0         80   dfixi.o
        34          0          0          0          0         76   dflti.o
        26          0          0          0          0         76   dfltui.o
       228          0          0          0          0         96   dmul.o
        46          0          0          0          0         80   dscalb.o
       162          0          0          0          0        100   dsqrt.o
        38          0          0          0          0         68   f2d.o
       176          0          0          0          0        140   fadd.o
       124          0          0          0          0         88   fdiv.o
       110          0          0          0          0        168   fepilogue.o
        18          0          0          0          0         68   fflti.o
        10          0          0          0          0         68   ffltui.o
       100          0          0          0          0         76   fmul.o

    ----------------------------------------------------------------------
      5902        324        528          8          0       4072   Library Totals
        12          0          0          0          0          0   (incl. Padding)

    ----------------------------------------------------------------------

      Code (inc. data)   RO Data    RW Data    ZI Data      Debug   Library Name

      3584        294        528          0          0       1560   m_ws.l
       354         30          0          8          0        748   mc_w.l
      1952          0          0          0          0       1764   mf_w.l

    ----------------------------------------------------------------------
      5902        324        528          8          0       4072   Library Totals

    ----------------------------------------------------------------------

==============================================================================


      Code (inc. data)   RO Data    RW Data    ZI Data      Debug   

     18320       1184       4440        160       1544     375904   Grand Totals
     18320       1184       4440        160       1544     375904   ELF Image Totals
     18320       1184       4440        160          0          0   ROM Totals

==============================================================================

    Total RO  Size (Code + RO Data)                22760 (  22.23kB)
    Total RW  Size (RW Data + ZI Data)              1704 (   1.66kB)
    Total ROM Size (Code + RO Data + RW Data)      22920 (  22.38kB)

==============================================================================

